Component: ARM Compiler 5.06 update 2 (build 183) Tool: armlink [4d35b7]

==============================================================================

Section Cross References

    main.o(i.Setup) refers to hal.o(i.Board_Hardware_Init) for Board_Hardware_Init
    main.o(i.Setup) refers to system.o(i.system_init) for system_init
    main.o(i.Setup) refers to scheduler.o(i.task_init) for task_init
    main.o(i.Setup) refers to scheduler.o(i.set_task_base_loop_callback) for set_task_base_loop_callback
    main.o(i.Setup) refers to main.o(.constdata) for _scheduler_tasks
    main.o(i.Setup) refers to fastloop.o(i.fast_loop) for fast_loop
    main.o(i.main) refers to main.o(i.Setup) for Setup
    main.o(i.main) refers to scheduler.o(i.do_tasks) for do_tasks
    main.o(.constdata) refers to tasks.o(i.run_100hz_task) for run_100hz_task
    can_protocol.o(i.FDCAN_ProtocolProcess) refers to can_protocol.o(i.scheduler_micros) for scheduler_micros
    can_protocol.o(i.FDCAN_ProtocolProcess) refers to can_protocol.o(i.get_systick_deltaT) for get_systick_deltaT
    can_protocol.o(i.FDCAN_ProtocolProcess) refers to hal.o(.data) for hal
    can_protocol.o(i.FDCAN_ProtocolProcess) refers to global.o(.data) for Receive_BoomGyro
    can_protocol.o(i.scheduler_micros) refers to hal.o(.data) for hal
    stm32h7xx_it.o(i.SysTick_Handler) refers to stm32h7xx_hal.o(i.HAL_IncTick) for HAL_IncTick
    stm32h7xx_it.o(i.SysTick_Handler) refers to stm32h7xx_hal_cortex.o(i.HAL_SYSTICK_IRQHandler) for HAL_SYSTICK_IRQHandler
    system_stm32h7xx.o(i.SystemCoreClockUpdate) refers to system_stm32h7xx.o(.data) for SystemCoreClock
    system_stm32h7xx.o(i.SystemCoreClockUpdate) refers to system_stm32h7xx.o(.constdata) for D1CorePrescTable
    scheduler.o(i._task_run) refers to scheduler.o(i.scheduler_micros) for scheduler_micros
    scheduler.o(i._task_run) refers to scheduler.o(.bss) for _taskTable
    scheduler.o(i._task_tick) refers to scheduler.o(.bss) for _taskTable
    scheduler.o(i.do_tasks) refers to scheduler.o(i.scheduler_micros) for scheduler_micros
    scheduler.o(i.do_tasks) refers to scheduler.o(i._task_tick) for _task_tick
    scheduler.o(i.do_tasks) refers to scheduler.o(i._task_run) for _task_run
    scheduler.o(i.do_tasks) refers to scheduler.o(.data) for _base_loopTimer
    scheduler.o(i.scheduler_micros) refers to hal.o(.data) for hal
    scheduler.o(i.set_task_base_loop_callback) refers to scheduler.o(i.scheduler_micros) for scheduler_micros
    scheduler.o(i.set_task_base_loop_callback) refers to scheduler.o(.data) for _task_base_loop_callback
    scheduler.o(i.task_init) refers to h1_alloc.o(.text) for malloc
    scheduler.o(i.task_init) refers to rt_memclr.o(.text) for __aeabi_memclr
    scheduler.o(i.task_init) refers to scheduler.o(.bss) for _taskTable
    scheduler.o(i.task_load_average) refers to scheduler.o(.bss) for _taskTable
    scheduler.o(i.task_time_available_usec) refers to scheduler.o(i.scheduler_micros) for scheduler_micros
    scheduler.o(i.task_time_available_usec) refers to scheduler.o(.bss) for _taskTable
    fastloop.o(i.ProcessMachineAngle) refers to atttrack_lib.o(i.Boom_GA_Pro) for Boom_GA_Pro
    fastloop.o(i.ProcessMachineAngle) refers to atttrack_lib.o(i.Stick_GA_Pro) for Stick_GA_Pro
    fastloop.o(i.ProcessMachineAngle) refers to atttrack_lib.o(i.Dogbone_GA_Pro) for Dogbone_GA_Pro
    fastloop.o(i.ProcessMachineAngle) refers to angle_cal.o(i.GetMachineAngle) for GetMachineAngle
    fastloop.o(i.ProcessMachineAngle) refers to global.o(.data) for Receive_BoomAcc
    fastloop.o(i.ProcessMachineAngle) refers to global.o(.bss) for BoomImuDataRaw
    fastloop.o(i.Send_GyroAcc_Infor) refers to atttrack_lib.o(i.Body_IS203_Pro) for Body_IS203_Pro
    fastloop.o(i.Send_GyroAcc_Infor) refers to hal.o(.data) for hal
    fastloop.o(i.Send_GyroAcc_Infor) refers to fastloop.o(.data) for runSendInfoStartTime
    fastloop.o(i.Send_GyroAcc_Infor) refers to global.o(.data) for Result_Acc_Count
    fastloop.o(i.Send_GyroAcc_Infor) refers to global.o(.bss) for Sampling_Acc_Sum
    fastloop.o(i.fast_loop) refers to fastloop.o(i.scheduler_micros) for scheduler_micros
    fastloop.o(i.fast_loop) refers to system.o(i.SCA3300_Sampling) for SCA3300_Sampling
    fastloop.o(i.fast_loop) refers to system.o(i.AD7682_Sampling) for AD7682_Sampling
    fastloop.o(i.fast_loop) refers to fastloop.o(i.Send_GyroAcc_Infor) for Send_GyroAcc_Infor
    fastloop.o(i.fast_loop) refers to fastloop.o(i.ProcessMachineAngle) for ProcessMachineAngle
    fastloop.o(i.fast_loop) refers to fastloop.o(.data) for fastLoopStartTime
    fastloop.o(i.fast_loop) refers to global.o(.data) for Result_Delt_T
    fastloop.o(i.scheduler_micros) refers to hal.o(.data) for hal
    tasks.o(i.run_100hz_task) refers to angle_cal.o(i.MachineResultOutput) for MachineResultOutput
    tasks.o(i.run_100hz_task) refers to hal.o(.data) for hal
    tasks.o(i.run_100hz_task) refers to tasks.o(.data) for run100HzStartTime
[...]
    LPTIM2_IRQHandler                        0x080003bb   Thumb Code     0  startup_stm32h743xx.o(.text)
    LPTIM3_IRQHandler                        0x080003bb   Thumb Code     0  startup_stm32h743xx.o(.text)
    LPTIM4_IRQHandler                        0x080003bb   Thumb Code     0  startup_stm32h743xx.o(.text)
    LPTIM5_IRQHandler                        0x080003bb   Thumb Code     0  startup_stm32h743xx.o(.text)
    LPUART1_IRQHandler                       0x080003bb   Thumb Code     0  startup_stm32h743xx.o(.text)
    LTDC_ER_IRQHandler                       0x080003bb   Thumb Code     0  startup_stm32h743xx.o(.text)
    LTDC_IRQHandler                          0x080003bb   Thumb Code     0  startup_stm32h743xx.o(.text)
    MDIOS_IRQHandler                         0x080003bb   Thumb Code     0  startup_stm32h743xx.o(.text)
    MDIOS_WKUP_IRQHandler                    0x080003bb   Thumb Code     0  startup_stm32h743xx.o(.text)
    MDMA_IRQHandler                          0x080003bb   Thumb Code     0  startup_stm32h743xx.o(.text)
    OTG_FS_EP1_IN_IRQHandler                 0x080003bb   Thumb Code     0  startup_stm32h743xx.o(.text)
    OTG_FS_EP1_OUT_IRQHandler                0x080003bb   Thumb Code     0  startup_stm32h743xx.o(.text)
    OTG_FS_IRQHandler                        0x080003bb   Thumb Code     0  startup_stm32h743xx.o(.text)
    OTG_FS_WKUP_IRQHandler                   0x080003bb   Thumb Code     0  startup_stm32h743xx.o(.text)
    OTG_HS_EP1_IN_IRQHandler                 0x080003bb   Thumb Code     0  startup_stm32h743xx.o(.text)
    OTG_HS_EP1_OUT_IRQHandler                0x080003bb   Thumb Code     0  startup_stm32h743xx.o(.text)
    OTG_HS_IRQHandler                        0x080003bb   Thumb Code     0  startup_stm32h743xx.o(.text)
    OTG_HS_WKUP_IRQHandler                   0x080003bb   Thumb Code     0  startup_stm32h743xx.o(.text)
    PVD_AVD_IRQHandler                       0x080003bb   Thumb Code     0  startup_stm32h743xx.o(.text)
    QUADSPI_IRQHandler                       0x080003bb   Thumb Code     0  startup_stm32h743xx.o(.text)
    RCC_IRQHandler                           0x080003bb   Thumb Code     0  startup_stm32h743xx.o(.text)
    RNG_IRQHandler                           0x080003bb   Thumb Code     0  startup_stm32h743xx.o(.text)
    RTC_Alarm_IRQHandler                     0x080003bb   Thumb Code     0  startup_stm32h743xx.o(.text)
    RTC_WKUP_IRQHandler                      0x080003bb   Thumb Code     0  startup_stm32h743xx.o(.text)
    SAI1_IRQHandler                          0x080003bb   Thumb Code     0  startup_stm32h743xx.o(.text)
    SAI2_IRQHandler                          0x080003bb   Thumb Code     0  startup_stm32h743xx.o(.text)
    SAI3_IRQHandler                          0x080003bb   Thumb Code     0  startup_stm32h743xx.o(.text)
    SAI4_IRQHandler                          0x080003bb   Thumb Code     0  startup_stm32h743xx.o(.text)
    SDMMC1_IRQHandler                        0x080003bb   Thumb Code     0  startup_stm32h743xx.o(.text)
    SDMMC2_IRQHandler                        0x080003bb   Thumb Code     0  startup_stm32h743xx.o(.text)
    SPDIF_RX_IRQHandler                      0x080003bb   Thumb Code     0  startup_stm32h743xx.o(.text)
    SPI1_IRQHandler                          0x080003bb   Thumb Code     0  startup_stm32h743xx.o(.text)
    SPI2_IRQHandler                          0x080003bb   Thumb Code     0  startup_stm32h743xx.o(.text)
    SPI3_IRQHandler                          0x080003bb   Thumb Code     0  startup_stm32h743xx.o(.text)
    SPI4_IRQHandler                          0x080003bb   Thumb Code     0  startup_stm32h743xx.o(.text)
    SPI5_IRQHandler                          0x080003bb   Thumb Code     0  startup_stm32h743xx.o(.text)
    SPI6_IRQHandler                          0x080003bb   Thumb Code     0  startup_stm32h743xx.o(.text)
    SWPMI1_IRQHandler                        0x080003bb   Thumb Code     0  startup_stm32h743xx.o(.text)
    TAMP_STAMP_IRQHandler                    0x080003bb   Thumb Code     0  startup_stm32h743xx.o(.text)
    TIM15_IRQHandler                         0x080003bb   Thumb Code     0  startup_stm32h743xx.o(.text)
    TIM16_IRQHandler                         0x080003bb   Thumb Code     0  startup_stm32h743xx.o(.text)
    TIM17_IRQHandler                         0x080003bb   Thumb Code     0  startup_stm32h743xx.o(.text)
    TIM1_BRK_IRQHandler                      0x080003bb   Thumb Code     0  startup_stm32h743xx.o(.text)
    TIM1_CC_IRQHandler                       0x080003bb   Thumb Code     0  startup_stm32h743xx.o(.text)
    TIM1_TRG_COM_IRQHandler                  0x080003bb   Thumb Code     0  startup_stm32h743xx.o(.text)
    TIM1_UP_IRQHandler                       0x080003bb   Thumb Code     0  startup_stm32h743xx.o(.text)
    TIM2_IRQHandler                          0x080003bb   Thumb Code     0  startup_stm32h743xx.o(.text)
    TIM3_IRQHandler                          0x080003bb   Thumb Code     0  startup_stm32h743xx.o(.text)
    TIM4_IRQHandler                          0x080003bb   Thumb Code     0  startup_stm32h743xx.o(.text)
    TIM5_IRQHandler                          0x080003bb   Thumb Code     0  startup_stm32h743xx.o(.text)
    TIM6_DAC_IRQHandler                      0x080003bb   Thumb Code     0  startup_stm32h743xx.o(.text)
    TIM7_IRQHandler                          0x080003bb   Thumb Code     0  startup_stm32h743xx.o(.text)
    TIM8_BRK_TIM12_IRQHandler                0x080003bb   Thumb Code     0  startup_stm32h743xx.o(.text)
    TIM8_CC_IRQHandler                       0x080003bb   Thumb Code     0  startup_stm32h743xx.o(.text)
    TIM8_TRG_COM_TIM14_IRQHandler            0x080003bb   Thumb Code     0  startup_stm32h743xx.o(.text)
    TIM8_UP_TIM13_IRQHandler                 0x080003bb   Thumb Code     0  startup_stm32h743xx.o(.text)
    UART4_IRQHandler                         0x080003bb   Thumb Code     0  startup_stm32h743xx.o(.text)
    UART5_IRQHandler                         0x080003bb   Thumb Code     0  startup_stm32h743xx.o(.text)
    UART7_IRQHandler                         0x080003bb   Thumb Code     0  startup_stm32h743xx.o(.text)
    UART8_IRQHandler                         0x080003bb   Thumb Code     0  startup_stm32h743xx.o(.text)
    USART2_IRQHandler                        0x080003bb   Thumb Code     0  startup_stm32h743xx.o(.text)
    USART3_IRQHandler                        0x080003bb   Thumb Code     0  startup_stm32h743xx.o(.text)
    USART6_IRQHandler                        0x080003bb   Thumb Code     0  startup_stm32h743xx.o(.text)
    WAKEUP_PIN_IRQHandler                    0x080003bb   Thumb Code     0  startup_stm32h743xx.o(.text)
    WWDG_IRQHandler                          0x080003bb   Thumb Code     0  startup_stm32h743xx.o(.text)
    __user_initial_stackheap                 0x080003bd   Thumb Code     0  startup_stm32h743xx.o(.text)
    malloc                                   0x080003dd   Thumb Code    94  h1_alloc.o(.text)
    __aeabi_uldivmod                         0x0800043b   Thumb Code     0  lludivv7m.o(.text)
    _ll_udiv                                 0x0800043b   Thumb Code   238  lludivv7m.o(.text)
    __2printf                                0x08000529   Thumb Code    20  noretval__2printf.o(.text)
    __2sprintf                               0x08000541   Thumb Code    34  noretval__2sprintf.o(.text)
    __printf                                 0x08000569   Thumb Code   104  __printf.o(.text)
    _printf_int_hex                          0x080005d1   Thumb Code    84  _printf_hex_int.o(.text)
    _printf_longlong_hex                     0x080005d1   Thumb Code     0  _printf_hex_int.o(.text)
    __aeabi_memcpy4                          0x08000629   Thumb Code     0  rt_memcpy_w.o(.text)
    __aeabi_memcpy8                          0x08000629   Thumb Code     0  rt_memcpy_w.o(.text)
    __rt_memcpy_w                            0x08000629   Thumb Code   100  rt_memcpy_w.o(.text)
    _memcpy_lastbytes_aligned                0x08000671   Thumb Code     0  rt_memcpy_w.o(.text)
    __aeabi_memclr                           0x0800068d   Thumb Code     0  rt_memclr.o(.text)
    __rt_memclr                              0x0800068d   Thumb Code    68  rt_memclr.o(.text)
    _memset                                  0x08000691   Thumb Code     0  rt_memclr.o(.text)
    __aeabi_memclr4                          0x080006d1   Thumb Code     0  rt_memclr_w.o(.text)
    __aeabi_memclr8                          0x080006d1   Thumb Code     0  rt_memclr_w.o(.text)
    __rt_memclr_w                            0x080006d1   Thumb Code    78  rt_memclr_w.o(.text)
    _memset_w                                0x080006d5   Thumb Code     0  rt_memclr_w.o(.text)
    __use_two_region_memory                  0x0800071f   Thumb Code     2  heapauxi.o(.text)
    __rt_heap_escrow                         0x08000721   Thumb Code     2  heapauxi.o(.text)
    __rt_heap_expand                         0x08000723   Thumb Code     2  heapauxi.o(.text)
    __rt_heap_descriptor                     0x08000725   Thumb Code     8  rt_heap_descriptor_intlibspace.o(.text)
    __use_no_heap                            0x0800072d   Thumb Code     2  hguard.o(.text)
    __heap$guard                             0x0800072f   Thumb Code     2  hguard.o(.text)
    _terminate_user_alloc                    0x08000731   Thumb Code     2  init_alloc.o(.text)
    _init_user_alloc                         0x08000733   Thumb Code     2  init_alloc.o(.text)
    __Heap_Full                              0x08000735   Thumb Code    34  init_alloc.o(.text)
    __Heap_Broken                            0x08000757   Thumb Code     6  init_alloc.o(.text)
    _init_alloc                              0x0800075d   Thumb Code    94  init_alloc.o(.text)
    __Heap_Initialize                        0x080007bb   Thumb Code    10  h1_init.o(.text)
    __Heap_DescSize                          0x080007c5   Thumb Code     4  h1_init.o(.text)
    free                                     0x080007c9   Thumb Code    78  h1_free.o(.text)
    __read_errno                             0x08000817   Thumb Code    10  _rserrno.o(.text)
    __set_errno                              0x08000821   Thumb Code    12  _rserrno.o(.text)
    _printf_int_common                       0x0800082d   Thumb Code   178  _printf_intcommon.o(.text)
    __lib_sel_fp_printf                      0x080008df   Thumb Code     2  _printf_fp_dec.o(.text)
    _printf_fp_dec_real                      0x08000a8d   Thumb Code   620  _printf_fp_dec.o(.text)
    _printf_char_common                      0x08000d03   Thumb Code    32  _printf_char_common.o(.text)
    _sputc                                   0x08000d29   Thumb Code    10  _sputc.o(.text)
    _printf_char_file                        0x08000d35   Thumb Code    32  _printf_char_file.o(.text)
    __user_libspace                          0x08000d59   Thumb Code     8  libspace.o(.text)
    __user_perproc_libspace                  0x08000d59   Thumb Code     0  libspace.o(.text)
    __user_perthread_libspace                0x08000d59   Thumb Code     0  libspace.o(.text)
    __rt_locale                              0x08000d61   Thumb Code     8  rt_locale_intlibspace.o(.text)
    __aeabi_errno_addr                       0x08000d69   Thumb Code     8  rt_errno_addr_intlibspace.o(.text)
    __errno$intlibspace                      0x08000d69   Thumb Code     0  rt_errno_addr_intlibspace.o(.text)
    __rt_errno_addr$intlibspace              0x08000d69   Thumb Code     0  rt_errno_addr_intlibspace.o(.text)
    __Heap_ProvideMemory                     0x08000d71   Thumb Code    52  h1_extend.o(.text)
    _ll_udiv10                               0x08000da5   Thumb Code   138  lludiv10.o(.text)
    _printf_fp_infnan                        0x08000e31   Thumb Code   112  _printf_fp_infnan.o(.text)
    _btod_etento                             0x08000eb1   Thumb Code   216  bigflt0.o(.text)
    ferror                                   0x08000f8d   Thumb Code     8  ferror.o(.text)
    __rt_SIGRTMEM                            0x08000f95   Thumb Code    14  defsig_rtmem_outer.o(.text)
    __I$use$semihosting                      0x08000fa3   Thumb Code     0  use_no_semi.o(.text)
    __use_no_semihosting_swi                 0x08000fa3   Thumb Code     2  use_no_semi.o(.text)
    __semihosting_library_function           0x08000fa5   Thumb Code     0  indicate_semi.o(.text)
    __user_setup_stackheap                   0x08000fa5   Thumb Code    74  sys_stackheap_outer.o(.text)
    exit                                     0x08000fef   Thumb Code    18  exit.o(.text)
    __sig_exit                               0x08001001   Thumb Code    10  defsig_exit.o(.text)
    __rt_SIGRTMEM_inner                      0x0800100d   Thumb Code    22  defsig_rtmem_inner.o(.text)
    strcmp                                   0x0800105d   Thumb Code   104  strcmpv7m_pel.o(.text)
    __default_signal_display                 0x080010c5   Thumb Code    50  defsig_general.o(.text)
    _ttywrch                                 0x080010f7   Thumb Code    14  sys_wrch.o(.text)
    _btod_d2e                                0x08001105   Thumb Code    62  btod.o(CL$$btod_d2e)
    _d2e_denorm_low                          0x08001143   Thumb Code    70  btod.o(CL$$btod_d2e_denorm_low)
    _d2e_norm_op1                            0x08001189   Thumb Code    96  btod.o(CL$$btod_d2e_norm_op1)
    __btod_div_common                        0x080011e9   Thumb Code   696  btod.o(CL$$btod_div_common)
    _e2e                                     0x08001521   Thumb Code   198  btod.o(CL$$btod_e2e)
    _btod_ediv                               0x080015e7   Thumb Code    40  btod.o(CL$$btod_ediv)
    _btod_emul                               0x0800160f   Thumb Code    40  btod.o(CL$$btod_emul)
    __btod_mult_common                       0x08001637   Thumb Code   580  btod.o(CL$$btod_mult_common)
    AD7682_Conversion                        0x0800187d   Thumb Code   308  system.o(i.AD7682_Conversion)
    AD7682_Init                              0x080019b5   Thumb Code    86  system.o(i.AD7682_Init)
    AD7682_Sampling                          0x08001a11   Thumb Code    90  system.o(i.AD7682_Sampling)
    AD7682_SendRequest                       0x08001a75   Thumb Code    54  system.o(i.AD7682_SendRequest)
    ATPinit                                  0x08001ab1   Thumb Code    64  atprocess.o(i.ATPinit)
    AngleTrackData_Init                      0x08001af9   Thumb Code    54  datastruct.o(i.AngleTrackData_Init)
    AngleTrackData_Rest                      0x08001b39   Thumb Code    54  datastruct.o(i.AngleTrackData_Rest)
    Board_Hardware_Init                      0x08001b79   Thumb Code   104  hal.o(i.Board_Hardware_Init)
    Body_IS203_Pro                           0x08001be5   Thumb Code   196  atttrack_lib.o(i.Body_IS203_Pro)
    Boom_GA_Pro                              0x08001cb5   Thumb Code   234  atttrack_lib.o(i.Boom_GA_Pro)
    Boom_Pitch_Pro                           0x08001db1   Thumb Code   628  atprocess.o(i.Boom_Pitch_Pro)
    BusFault_Handler                         0x08002071   Thumb Code     4  stm32h7xx_it.o(i.BusFault_Handler)
    Cache_Enable                             0x08002075   Thumb Code    24  systick.o(i.Cache_Enable)
    CalculateCoordinate                      0x08002091   Thumb Code   554  angle_cal.o(i.CalculateCoordinate)
    DebugMon_Handler                         0x080022c9   Thumb Code     2  stm32h7xx_it.o(i.DebugMon_Handler)
    Dogbone_GA_Pro                           0x080022cd   Thumb Code   234  atttrack_lib.o(i.Dogbone_GA_Pro)
    Dogbone_Pitch_Pro                        0x080023c9   Thumb Code   964  atprocess.o(i.Dogbone_Pitch_Pro)
    FDCAN1_Enable_Init                       0x08002811   Thumb Code    68  fdcan.o(i.FDCAN1_Enable_Init)
    FDCAN1_IT0_IRQHandler                    0x0800285d   Thumb Code    10  fdcan.o(i.FDCAN1_IT0_IRQHandler)
    FDCAN1_Mode_Init                         0x0800286d   Thumb Code   160  fdcan.o(i.FDCAN1_Mode_Init)
    FDCAN1_Receive_Msg                       0x08002915   Thumb Code    32  fdcan.o(i.FDCAN1_Receive_Msg)
    FDCAN1_Send_Msg                          0x0800293d   Thumb Code    54  fdcan.o(i.FDCAN1_Send_Msg)
    FDCAN_EXT_Send_Msg                       0x08002c85   Thumb Code    58  fdcan.o(i.FDCAN_EXT_Send_Msg)
    FDCAN_ProtocolProcess                    0x08002cc9   Thumb Code   570  can_protocol.o(i.FDCAN_ProtocolProcess)
    FdcanExt_SendMessage                     0x08002f45   Thumb Code   144  fdcan.o(i.FdcanExt_SendMessage)
    Fdcan_Init                               0x08002fd5   Thumb Code    24  fdcan.o(i.Fdcan_Init)
    Fdcan_ReadMessage                        0x08002fed   Thumb Code    12  fdcan.o(i.Fdcan_ReadMessage)
    Fdcan_SendMessage                        0x08002ff9   Thumb Code   144  fdcan.o(i.Fdcan_SendMessage)
    GetMachineAngle                          0x08003089   Thumb Code   118  angle_cal.o(i.GetMachineAngle)
    Gpio_Init                                0x08003119   Thumb Code     8  gpio.o(i.Gpio_Init)
    HAL_DMA_Abort_IT                         0x08003121   Thumb Code   236  stm32h7xx_hal_dma.o(i.HAL_DMA_Abort_IT)
    HAL_EnableCompensationCell               0x08003219   Thumb Code    14  stm32h7xx_hal.o(i.HAL_EnableCompensationCell)
    HAL_FDCAN_ActivateNotification           0x0800322d   Thumb Code   162  stm32h7xx_hal_fdcan.o(i.HAL_FDCAN_ActivateNotification)
    HAL_FDCAN_AddMessageToTxFifoQ            0x080032d9   Thumb Code   136  stm32h7xx_hal_fdcan.o(i.HAL_FDCAN_AddMessageToTxFifoQ)
    HAL_FDCAN_ClockCalibrationCallback       0x08003361   Thumb Code     2  stm32h7xx_hal_fdcan.o(i.HAL_FDCAN_ClockCalibrationCallback)
    HAL_FDCAN_ConfigFilter                   0x08003363   Thumb Code   170  stm32h7xx_hal_fdcan.o(i.HAL_FDCAN_ConfigFilter)
    HAL_FDCAN_DeInit                         0x0800340d   Thumb Code    36  stm32h7xx_hal_fdcan.o(i.HAL_FDCAN_DeInit)
    HAL_FDCAN_ErrorCallback                  0x08003431   Thumb Code     2  stm32h7xx_hal_fdcan.o(i.HAL_FDCAN_ErrorCallback)
    HAL_FDCAN_GetRxMessage                   0x08003435   Thumb Code   442  stm32h7xx_hal_fdcan.o(i.HAL_FDCAN_GetRxMessage)
    HAL_FDCAN_HighPriorityMessageCallback    0x080035f5   Thumb Code     2  stm32h7xx_hal_fdcan.o(i.HAL_FDCAN_HighPriorityMessageCallback)
    HAL_FDCAN_IRQHandler                     0x080035f9   Thumb Code  1444  stm32h7xx_hal_fdcan.o(i.HAL_FDCAN_IRQHandler)
    HAL_FDCAN_Init                           0x08003ba9   Thumb Code   678  stm32h7xx_hal_fdcan.o(i.HAL_FDCAN_Init)
    HAL_FDCAN_MspDeInit                      0x08003e59   Thumb Code    34  fdcan.o(i.HAL_FDCAN_MspDeInit)
    HAL_FDCAN_MspInit                        0x08003e81   Thumb Code   132  fdcan.o(i.HAL_FDCAN_MspInit)
    HAL_FDCAN_RxBufferNewMessageCallback     0x08003f0d   Thumb Code     2  stm32h7xx_hal_fdcan.o(i.HAL_FDCAN_RxBufferNewMessageCallback)
    HAL_FDCAN_RxFifo0Callback                0x08003f11   Thumb Code    70  fdcan.o(i.HAL_FDCAN_RxFifo0Callback)
    HAL_FDCAN_RxFifo1Callback                0x08003f5d   Thumb Code     2  stm32h7xx_hal_fdcan.o(i.HAL_FDCAN_RxFifo1Callback)
    HAL_FDCAN_Start                          0x08003f5f   Thumb Code    52  stm32h7xx_hal_fdcan.o(i.HAL_FDCAN_Start)
    HAL_FDCAN_Stop                           0x08003f93   Thumb Code   104  stm32h7xx_hal_fdcan.o(i.HAL_FDCAN_Stop)
    HAL_FDCAN_TT_GlobalTimeCallback          0x08003ffb   Thumb Code     2  stm32h7xx_hal_fdcan.o(i.HAL_FDCAN_TT_GlobalTimeCallback)
    HAL_FDCAN_TT_ScheduleSyncCallback        0x08003ffd   Thumb Code     2  stm32h7xx_hal_fdcan.o(i.HAL_FDCAN_TT_ScheduleSyncCallback)
    HAL_FDCAN_TT_StopWatchCallback           0x08003fff   Thumb Code     2  stm32h7xx_hal_fdcan.o(i.HAL_FDCAN_TT_StopWatchCallback)
    HAL_FDCAN_TT_TimeMarkCallback            0x08004001   Thumb Code     2  stm32h7xx_hal_fdcan.o(i.HAL_FDCAN_TT_TimeMarkCallback)
    HAL_FDCAN_TimeoutOccurredCallback        0x08004003   Thumb Code     2  stm32h7xx_hal_fdcan.o(i.HAL_FDCAN_TimeoutOccurredCallback)
    HAL_FDCAN_TimestampWraparoundCallback    0x08004005   Thumb Code     2  stm32h7xx_hal_fdcan.o(i.HAL_FDCAN_TimestampWraparoundCallback)
    HAL_FDCAN_TxBufferAbortCallback          0x08004007   Thumb Code     2  stm32h7xx_hal_fdcan.o(i.HAL_FDCAN_TxBufferAbortCallback)
    HAL_FDCAN_TxBufferCompleteCallback       0x08004009   Thumb Code     2  stm32h7xx_hal_fdcan.o(i.HAL_FDCAN_TxBufferCompleteCallback)
    HAL_FDCAN_TxEventFifoCallback            0x0800400b   Thumb Code     2  stm32h7xx_hal_fdcan.o(i.HAL_FDCAN_TxEventFifoCallback)
    HAL_FDCAN_TxFifoEmptyCallback            0x0800400d   Thumb Code     2  stm32h7xx_hal_fdcan.o(i.HAL_FDCAN_TxFifoEmptyCallback)
    HAL_GPIO_Init                            0x08004011   Thumb Code   534  stm32h7xx_hal_gpio.o(i.HAL_GPIO_Init)
    HAL_GPIO_WritePin                        0x0800425d   Thumb Code    10  stm32h7xx_hal_gpio.o(i.HAL_GPIO_WritePin)
    HAL_GetTick                              0x08004269   Thumb Code     6  stm32h7xx_hal.o(i.HAL_GetTick)
    HAL_IncTick                              0x08004275   Thumb Code    16  stm32h7xx_hal.o(i.HAL_IncTick)
    HAL_Init                                 0x0800428d   Thumb Code    28  stm32h7xx_hal.o(i.HAL_Init)
    HAL_InitTick                             0x080042a9   Thumb Code    64  stm32h7xx_hal.o(i.HAL_InitTick)
    HAL_MspInit                              0x080042f5   Thumb Code     2  stm32h7xx_hal_msp.o(i.HAL_MspInit)
    HAL_NVIC_DisableIRQ                      0x080042f9   Thumb Code    62  stm32h7xx_hal_cortex.o(i.HAL_NVIC_DisableIRQ)
    HAL_NVIC_EnableIRQ                       0x0800433d   Thumb Code    32  stm32h7xx_hal_cortex.o(i.HAL_NVIC_EnableIRQ)
    HAL_NVIC_SetPriority                     0x0800435d   Thumb Code   122  stm32h7xx_hal_cortex.o(i.HAL_NVIC_SetPriority)
    HAL_NVIC_SetPriorityGrouping             0x080043d9   Thumb Code    32  stm32h7xx_hal_cortex.o(i.HAL_NVIC_SetPriorityGrouping)
    HAL_RCCEx_GetD1SysClockFreq              0x08004401   Thumb Code    44  stm32h7xx_hal_rcc_ex.o(i.HAL_RCCEx_GetD1SysClockFreq)
    HAL_RCCEx_GetD3PCLK1Freq                 0x08004439   Thumb Code    34  stm32h7xx_hal_rcc_ex.o(i.HAL_RCCEx_GetD3PCLK1Freq)
    HAL_RCCEx_GetPLL2ClockFreq               0x08004465   Thumb Code   532  stm32h7xx_hal_rcc_ex.o(i.HAL_RCCEx_GetPLL2ClockFreq)
    HAL_RCCEx_GetPLL3ClockFreq               0x08004691   Thumb Code   532  stm32h7xx_hal_rcc_ex.o(i.HAL_RCCEx_GetPLL3ClockFreq)
    HAL_RCCEx_PeriphCLKConfig                0x080048bd   Thumb Code  2868  stm32h7xx_hal_rcc_ex.o(i.HAL_RCCEx_PeriphCLKConfig)
    HAL_RCC_ClockConfig                      0x080053f5   Thumb Code   574  stm32h7xx_hal_rcc.o(i.HAL_RCC_ClockConfig)
    HAL_RCC_GetHCLKFreq                      0x08005645   Thumb Code    42  stm32h7xx_hal_rcc.o(i.HAL_RCC_GetHCLKFreq)
    HAL_RCC_GetPCLK1Freq                     0x0800567d   Thumb Code    34  stm32h7xx_hal_rcc.o(i.HAL_RCC_GetPCLK1Freq)
    HAL_RCC_GetPCLK2Freq                     0x080056a9   Thumb Code    36  stm32h7xx_hal_rcc.o(i.HAL_RCC_GetPCLK2Freq)
    HAL_RCC_GetSysClockFreq                  0x080056d5   Thumb Code   556  stm32h7xx_hal_rcc.o(i.HAL_RCC_GetSysClockFreq)
    HAL_RCC_OscConfig                        0x08005919   Thumb Code  1724  stm32h7xx_hal_rcc.o(i.HAL_RCC_OscConfig)
    HAL_SPI_DeInit                           0x08005fdd   Thumb Code    56  stm32h7xx_hal_spi.o(i.HAL_SPI_DeInit)
    HAL_SPI_GetState                         0x08006015   Thumb Code     8  stm32h7xx_hal_spi.o(i.HAL_SPI_GetState)
    HAL_SPI_Init                             0x0800601d   Thumb Code   598  stm32h7xx_hal_spi.o(i.HAL_SPI_Init)
    HAL_SPI_MspDeInit                        0x08006281   Thumb Code    68  spi.o(i.HAL_SPI_MspDeInit)
    HAL_SPI_MspInit                          0x080062d1   Thumb Code   272  spi.o(i.HAL_SPI_MspInit)
    HAL_SPI_TransmitReceive                  0x080063f5   Thumb Code   988  stm32h7xx_hal_spi.o(i.HAL_SPI_TransmitReceive)
    HAL_SYSTICK_Callback                     0x080067d1   Thumb Code    26  systick.o(i.HAL_SYSTICK_Callback)
    HAL_SYSTICK_Config                       0x080067f5   Thumb Code    52  stm32h7xx_hal_cortex.o(i.HAL_SYSTICK_Config)
    HAL_SYSTICK_IRQHandler                   0x08006829   Thumb Code     8  stm32h7xx_hal_cortex.o(i.HAL_SYSTICK_IRQHandler)
    HAL_UARTEx_WakeupCallback                0x08006831   Thumb Code     2  stm32h7xx_hal_uart_ex.o(i.HAL_UARTEx_WakeupCallback)
    HAL_UART_ErrorCallback                   0x08006833   Thumb Code     2  stm32h7xx_hal_uart.o(i.HAL_UART_ErrorCallback)
    HAL_UART_GetState                        0x08006835   Thumb Code    20  stm32h7xx_hal_uart.o(i.HAL_UART_GetState)
    HAL_UART_IRQHandler                      0x08006849   Thumb Code   434  stm32h7xx_hal_uart.o(i.HAL_UART_IRQHandler)
    HAL_UART_Init                            0x08006a05   Thumb Code   120  stm32h7xx_hal_uart.o(i.HAL_UART_Init)
    HAL_UART_MspInit                         0x08006a7d   Thumb Code   134  usart.o(i.HAL_UART_MspInit)
    HAL_UART_Receive_IT                      0x08006b11   Thumb Code   224  stm32h7xx_hal_uart.o(i.HAL_UART_Receive_IT)
    HAL_UART_RxCpltCallback                  0x08006bf1   Thumb Code   120  usart.o(i.HAL_UART_RxCpltCallback)
    HAL_UART_Transmit                        0x08006c79   Thumb Code   198  stm32h7xx_hal_uart.o(i.HAL_UART_Transmit)
    HAL_UART_TxCpltCallback                  0x08006d3f   Thumb Code     2  stm32h7xx_hal_uart.o(i.HAL_UART_TxCpltCallback)
    HardFault_Handler                        0x08006d41   Thumb Code     4  stm32h7xx_it.o(i.HardFault_Handler)
    IS203_Key_Init                           0x08006d45   Thumb Code    86  gpio.o(i.IS203_Key_Init)
    MUpdate                                  0x08006da5   Thumb Code   624  kalmanfilter.o(i.MUpdate)
    MachineInit                              0x0800701d   Thumb Code   156  angle_cal.o(i.MachineInit)
    MachineResultOutput                      0x080070c9   Thumb Code   610  angle_cal.o(i.MachineResultOutput)
    Maddn                                    0x0800734d   Thumb Code    82  comfunc.o(i.Maddn)
    MemManage_Handler                        0x0800739f   Thumb Code     4  stm32h7xx_it.o(i.MemManage_Handler)
    Mequalm                                  0x080073a3   Thumb Code    60  comfunc.o(i.Mequalm)
    Mminn                                    0x080073df   Thumb Code    82  comfunc.o(i.Mminn)
    Mmul                                     0x08007431   Thumb Code    64  comfunc.o(i.Mmul)
    Mmulnm                                   0x08007471   Thumb Code   122  comfunc.o(i.Mmulnm)
    Mtn                                      0x080074f5   Thumb Code    52  comfunc.o(i.Mtn)
    NMI_Handler                              0x08007529   Thumb Code     2  stm32h7xx_it.o(i.NMI_Handler)
    PendSV_Handler                           0x0800752b   Thumb Code     2  stm32h7xx_it.o(i.PendSV_Handler)
    ProcessMachineAngle                      0x0800752d   Thumb Code   682  fastloop.o(i.ProcessMachineAngle)
    SCA3300_Init                             0x08007c19   Thumb Code    54  system.o(i.SCA3300_Init)
    SCA3300_Sampling                         0x08007c61   Thumb Code   430  system.o(i.SCA3300_Sampling)
    SPI1_Init                                0x08007ffd   Thumb Code    74  spi.o(i.SPI1_Init)
    SPI2_Init                                0x08008051   Thumb Code    74  spi.o(i.SPI2_Init)
    SVC_Handler                              0x080081fb   Thumb Code     2  stm32h7xx_it.o(i.SVC_Handler)
    Send_GyroAcc_Infor                       0x080081fd   Thumb Code   632  fastloop.o(i.Send_GyroAcc_Infor)
    Setup                                    0x080084e5   Thumb Code    26  main.o(i.Setup)
    Spi_Init                                 0x08008509   Thumb Code    12  spi.o(i.Spi_Init)
    Spi_SendMessage                          0x08008515   Thumb Code   166  spi.o(i.Spi_SendMessage)
    Stick_GA_Pro                             0x080085cd   Thumb Code   234  atttrack_lib.o(i.Stick_GA_Pro)
    Stick_Pitch_Pro                          0x080086c9   Thumb Code   720  atprocess.o(i.Stick_Pitch_Pro)
    Stm32_Clock_Init                         0x080089f5   Thumb Code   238  systick.o(i.Stm32_Clock_Init)
    SysTick_Handler                          0x08008aed   Thumb Code    12  stm32h7xx_it.o(i.SysTick_Handler)
    SystemInit                               0x08008af9   Thumb Code   130  system_stm32h7xx.o(i.SystemInit)
    Systick_Init                             0x08008bd1   Thumb Code    48  systick.o(i.Systick_Init)
    TUpdate                                  0x08008c01   Thumb Code   382  kalmanfilter.o(i.TUpdate)
    UART_AdvFeatureConfig                    0x08008d7f   Thumb Code   234  stm32h7xx_hal_uart.o(i.UART_AdvFeatureConfig)
    UART_CheckIdleState                      0x08008e69   Thumb Code   116  stm32h7xx_hal_uart.o(i.UART_CheckIdleState)
    UART_SetConfig                           0x08008fc1   Thumb Code  2452  stm32h7xx_hal_uart.o(i.UART_SetConfig)
    UART_WaitOnFlagUntilTimeout              0x080099e7   Thumb Code   108  stm32h7xx_hal_uart.o(i.UART_WaitOnFlagUntilTimeout)
    USART1_IRQHandler                        0x08009a55   Thumb Code    66  usart.o(i.USART1_IRQHandler)
    UsageFault_Handler                       0x08009aa5   Thumb Code     4  stm32h7xx_it.o(i.UsageFault_Handler)
    Usart_Enable_Init                        0x08009aa9   Thumb Code    70  usart.o(i.Usart_Enable_Init)
    Usart_Init                               0x08009af9   Thumb Code    16  usart.o(i.Usart_Init)
    Usart_SendMessage                        0x08009b09   Thumb Code    46  usart.o(i.Usart_SendMessage)
    Wait_ms                                  0x08009b3d   Thumb Code    26  timer.o(i.Wait_ms)
    Wait_us                                  0x08009b57   Thumb Code    32  timer.o(i.Wait_us)
    __ARM_fpclassify                         0x08009b77   Thumb Code    48  fpclassify.o(i.__ARM_fpclassify)
    __hardfp_acosf                           0x08009be1   Thumb Code   234  acosf.o(i.__hardfp_acosf)
    __hardfp_asin                            0x08009d09   Thumb Code   432  asin.o(i.__hardfp_asin)
    __hardfp_atan                            0x08009f11   Thumb Code   402  atan.o(i.__hardfp_atan)
    __hardfp_atan2                           0x0800a111   Thumb Code   380  atan2.o(i.__hardfp_atan2)
    __hardfp_cos                             0x0800a2d1   Thumb Code   158  cos.o(i.__hardfp_cos)
    __hardfp_sin                             0x0800a381   Thumb Code   158  sin.o(i.__hardfp_sin)
    __hardfp_sqrt                            0x0800a431   Thumb Code   102  sqrt.o(i.__hardfp_sqrt)
    __hardfp_sqrtf                           0x0800a497   Thumb Code    58  sqrtf.o(i.__hardfp_sqrtf)
    __ieee754_rem_pio2                       0x0800a4d1   Thumb Code   646  rred.o(i.__ieee754_rem_pio2)
    __kernel_cos                             0x0800a7e1   Thumb Code   182  cos_i.o(i.__kernel_cos)
    __kernel_poly                            0x0800a8c1   Thumb Code   112  poly.o(i.__kernel_poly)
    __kernel_sin                             0x0800a931   Thumb Code   144  sin_i.o(i.__kernel_sin)
    __mathlib_dbl_infnan                     0x0800a9d9   Thumb Code     6  dunder.o(i.__mathlib_dbl_infnan)
    __mathlib_dbl_infnan2                    0x0800a9df   Thumb Code     6  dunder.o(i.__mathlib_dbl_infnan2)
    __mathlib_dbl_invalid                    0x0800a9e9   Thumb Code    10  dunder.o(i.__mathlib_dbl_invalid)
    __mathlib_dbl_underflow                  0x0800aa01   Thumb Code    10  dunder.o(i.__mathlib_dbl_underflow)
    __mathlib_flt_infnan                     0x0800aa19   Thumb Code     6  funder.o(i.__mathlib_flt_infnan)
    __mathlib_flt_invalid                    0x0800aa21   Thumb Code    10  funder.o(i.__mathlib_flt_invalid)
    _sys_exit                                0x0800aa31   Thumb Code     4  usart.o(i._sys_exit)
    a2mat_ned                                0x0800ab19   Thumb Code   292  comfunc.o(i.a2mat_ned)
    atan                                     0x0800ac3d   Thumb Code    16  atan.o(i.atan)
    attInit                                  0x0800ac4d   Thumb Code   156  attinit.o(i.attInit)
    dataFilter                               0x0800acf1   Thumb Code   160  datastruct.o(i.dataFilter)
    decode_gasensor                          0x0800ad99   Thumb Code    58  datastruct.o(i.decode_gasensor)
    do_tasks                                 0x0800add5   Thumb Code    80  scheduler.o(i.do_tasks)
    fabs                                     0x0800ae35   Thumb Code    24  fabs.o(i.fabs)
    fast_loop                                0x0800ae4d   Thumb Code   150  fastloop.o(i.fast_loop)
    fputc                                    0x0800af09   Thumb Code    22  usart.o(i.fputc)
    kalmanfilterinit                         0x0800af39   Thumb Code   164  kalmanfilter.o(i.kalmanfilterinit)
    m2att_ned                                0x0800afe5   Thumb Code    76  comfunc.o(i.m2att_ned)
    m2qua_ned                                0x0800b031   Thumb Code   716  comfunc.o(i.m2qua_ned)
    main                                     0x0800b2fd   Thumb Code    12  main.o(i.main)
    process_gasensor1                        0x0800b309   Thumb Code  1222  atprocess.o(i.process_gasensor1)
    process_singleangle1                     0x0800b7dd   Thumb Code   580  attinit.o(i.process_singleangle1)
    process_singleangle2                     0x0800ba41   Thumb Code   392  attinit.o(i.process_singleangle2)
    process_singleangle3                     0x0800bbed   Thumb Code   392  attinit.o(i.process_singleangle3)
    process_singleangle4                     0x0800bd99   Thumb Code   392  attinit.o(i.process_singleangle4)
    q2mat_ned                                0x0800bf45   Thumb Code   298  comfunc.o(i.q2mat_ned)
    qupdt                                    0x0800c071   Thumb Code   604  comfunc.o(i.qupdt)
    run_100hz_task                           0x0800c2fd   Thumb Code   178  tasks.o(i.run_100hz_task)
    setHk                                    0x0800c409   Thumb Code    22  kalmanfilter.o(i.setHk)
    setPhi                                   0x0800c429   Thumb Code    34  kalmanfilter.o(i.setPhi)
    setPxk                                   0x0800c455   Thumb Code    46  kalmanfilter.o(i.setPxk)
    setQk                                    0x0800c48d   Thumb Code    46  kalmanfilter.o(i.setQk)
    setRk                                    0x0800c4c5   Thumb Code    18  kalmanfilter.o(i.setRk)
    set_task_base_loop_callback              0x0800c4d9   Thumb Code    18  scheduler.o(i.set_task_base_loop_callback)
    setzk                                    0x0800c4f5   Thumb Code    14  kalmanfilter.o(i.setzk)
    sqrt                                     0x0800c503   Thumb Code   106  sqrt.o(i.sqrt)
    sqrtf                                    0x0800c56d   Thumb Code    62  sqrtf.o(i.sqrtf)
    system_init                              0x0800c5ab   Thumb Code    16  system.o(i.system_init)
    task_init                                0x0800c5bd   Thumb Code    56  scheduler.o(i.task_init)
    uart_init                                0x0800c5f9   Thumb Code    44  usart.o(i.uart_init)
    _get_lc_numeric                          0x0800c631   Thumb Code    44  lc_numeric_c.o(locale$$code)
    _fp_init                                 0x0800c65d   Thumb Code    10  fpinit.o(x$fpl$fpinit)
    __fplib_config_fpu_vfp                   0x0800c665   Thumb Code     0  fpinit.o(x$fpl$fpinit)
    __fplib_config_pureend_doubles           0x0800c665   Thumb Code     0  fpinit.o(x$fpl$fpinit)
    _printf_fp_dec                           0x0800c667   Thumb Code     4  printf1.o(x$fpl$printf1)
    __I$use$fp                               0x0800c66a   Number         0  usenofp.o(x$fpl$usenofp)
    D1CorePrescTable                         0x0800c6d4   Data          16  system_stm32h7xx.o(.constdata)
    s_MachineMsg                             0x0800c6e4   Data          36  angle_cal.o(.constdata)
    __mathlib_zero                           0x0800c960   Data           8  qnan.o(.constdata)
    Region$$Table$$Base                      0x0800caec   Number         0  anon$$obj.o(Region$$Table)
    Region$$Table$$Limit                     0x0800cb0c   Number         0  anon$$obj.o(Region$$Table)
    G_Dt                                     0x20000000   Data           4  global.o(.data)
    test                                     0x20000004   Data           8  global.o(.data)
    FdcanSend_buff                           0x2000000c   Data           8  global.o(.data)
    Result_Acc_Count                         0x20000014   Data           6  global.o(.data)
    Result_Temp_Count                        0x2000001a   Data           2  global.o(.data)
    Result_Gyro_Count                        0x2000001c   Data           2  global.o(.data)
    Sampling_Temp_Sum                        0x20000020   Data           4  global.o(.data)
    Result_Gyro                              0x20000024   Data           6  global.o(.data)
    Result_Acc                               0x2000002a   Data           6  global.o(.data)
    Result_Delt_T                            0x20000030   Data           4  global.o(.data)
    Result_Temp                              0x20000034   Data           2  global.o(.data)
    Receive_BoomGyro                         0x20000036   Data           6  global.o(.data)
    Receive_BoomAcc                          0x2000003c   Data           6  global.o(.data)
    Receive_BoomTime_Pre                     0x20000044   Data           4  global.o(.data)
    Receive_BoomTime                         0x20000048   Data           4  global.o(.data)
    Receive_BoomDelt_T                       0x2000004c   Data           4  global.o(.data)
    Receive_StickGyro                        0x20000050   Data           6  global.o(.data)
    Receive_StickAcc                         0x20000056   Data           6  global.o(.data)
    Receive_StickTime_Pre                    0x2000005c   Data           4  global.o(.data)
    Receive_StickTime                        0x20000060   Data           4  global.o(.data)
    Receive_StickDelt_T                      0x20000064   Data           4  global.o(.data)
    Receive_DogboneGyro                      0x20000068   Data           6  global.o(.data)
    Receive_DogboneAcc                       0x2000006e   Data           6  global.o(.data)
    Receive_DogboneTime_Pre                  0x20000074   Data           4  global.o(.data)
    Receive_DogboneTime                      0x20000078   Data           4  global.o(.data)
    Receive_DogboneDelt_T                    0x2000007c   Data           4  global.o(.data)
    BoomPitchResult                          0x20000080   Data           8  global.o(.data)
    StickPitchResult                         0x20000088   Data           8  global.o(.data)
    DogBonePitchResult                       0x20000090   Data           8  global.o(.data)
    Error_Status                             0x20000098   Data           2  global.o(.data)
    Button_Status                            0x2000009a   Data           1  global.o(.data)
    SystemCoreClock                          0x2000009c   Data           4  system_stm32h7xx.o(.data)
    SystemD2Clock                            0x200000a0   Data           4  system_stm32h7xx.o(.data)
    gT                                       0x200000ac   Data           4  scheduler.o(.data)
    time_available                           0x200000b0   Data           4  scheduler.o(.data)
    fastLoopStartTime                        0x200000b4   Data           4  fastloop.o(.data)
    fastLoopRunTime                          0x200000b8   Data           4  fastloop.o(.data)
    runSendInfoStartTime                     0x200000c0   Data           4  fastloop.o(.data)
    runSendInfoTime                          0x200000c4   Data           4  fastloop.o(.data)
    run100HzStartTime                        0x200000c8   Data           4  tasks.o(.data)
    run100HzTime                             0x200000cc   Data           4  tasks.o(.data)
    Response_Mode                            0x200000d0   Data           4  system.o(.data)
    RSdata                                   0x200000d4   Data           1  system.o(.data)
    s_OutState                               0x200000d8   Data           4  angle_cal.o(.data)
    NUM_acc1                                 0x200000dc   Data           4  atprocess.o(.data)
    NUM_acc2                                 0x200000e0   Data           4  atprocess.o(.data)
    NUM_acc3                                 0x200000e4   Data           4  atprocess.o(.data)
    NUM_acc4                                 0x200000e8   Data           4  atprocess.o(.data)
    NUM2                                     0x200000f0   Data           4  attinit.o(.data)
    NUM3                                     0x200000f4   Data           4  attinit.o(.data)
    NUM4                                     0x200000f8   Data           4  attinit.o(.data)
    install_flag                             0x20000100   Data           4  atttrack_lib.o(.data)
    zero_num                                 0x2000010c   Data           4  atttrack_lib.o(.data)
    hal                                      0x20000128   Data          24  hal.o(.data)
    hal_systick                              0x20000140   Data          12  hal_config.o(.data)
    hal_gpio                                 0x2000014c   Data           4  hal_config.o(.data)
    hal_fdcan                                0x20000150   Data          16  hal_config.o(.data)
    hal_spi                                  0x20000160   Data           8  hal_config.o(.data)
    hal_usart                                0x20000168   Data          20  hal_config.o(.data)
    hal_timer                                0x2000017c   Data           8  hal_config.o(.data)
    systick_uptime_millis                    0x20000184   Data           4  systick.o(.data)
    systick_user_callback                    0x20000188   Data           4  systick.o(.data)
    aRxBuffer                                0x2000018c   Data           1  usart.o(.data)
    USART_RX_STA                             0x2000018e   Data           2  usart.o(.data)
    __stdout                                 0x20000190   Data           4  usart.o(.data)
    USART_RX_BUF                             0x200001a0   Data         200  global.o(.bss)
    DebugMessage                             0x20000268   Data         100  global.o(.bss)
    Sampling_Gyro_Sum                        0x200002cc   Data          12  global.o(.bss)
    Sampling_Acc_Sum                         0x200002d8   Data          12  global.o(.bss)
    Send_Acc                                 0x200002e4   Data          12  global.o(.bss)
    Send_Gyro                                0x200002f0   Data          12  global.o(.bss)
    BodyImuDataRaw                           0x20000300   Data          64  global.o(.bss)
    BoomImuDataRaw                           0x20000340   Data          64  global.o(.bss)
    StickImuDataRaw                          0x20000380   Data          64  global.o(.bss)
    DogBoneImuDataRaw                        0x200003c0   Data          64  global.o(.bss)
    BodyRollPitchResult                      0x20000400   Data          16  global.o(.bss)
    s_MachineResult                          0x2000042c   Data          40  angle_cal.o(.bss)
    acc_x_win1                               0x20000978   Data        6400  attinit.o(.bss)
    acc_y_win1                               0x20002278   Data        6400  attinit.o(.bss)
    acc_z_win1                               0x20003b78   Data        6400  attinit.o(.bss)
    gyro_x_win1                              0x20005478   Data        6400  attinit.o(.bss)
    gyro_y_win1                              0x20006d78   Data        6400  attinit.o(.bss)
    acc_x_win2                               0x20008678   Data        6400  attinit.o(.bss)
    acc_y_win2                               0x20009f78   Data        6400  attinit.o(.bss)
    acc_z_win2                               0x2000b878   Data        6400  attinit.o(.bss)
    gyro_y_win2                              0x2000d178   Data        6400  attinit.o(.bss)
    acc_x_win3                               0x2000ea78   Data        6400  attinit.o(.bss)
    acc_y_win3                               0x20010378   Data        6400  attinit.o(.bss)
    acc_z_win3                               0x20011c78   Data        6400  attinit.o(.bss)
    gyro_y_win3                              0x20013578   Data        6400  attinit.o(.bss)
    acc_x_win4                               0x20014e78   Data        6400  attinit.o(.bss)
    acc_y_win4                               0x20016778   Data        6400  attinit.o(.bss)
    acc_z_win4                               0x20018078   Data        6400  attinit.o(.bss)
    gyro_y_win4                              0x20019978   Data        6400  attinit.o(.bss)
    SPI1_Handler                             0x2001bb78   Data         136  spi.o(.bss)
    SPI2_Handler                             0x2001bc00   Data         136  spi.o(.bss)
    UART1_Handler                            0x2001bc88   Data         128  usart.o(.bss)
    FDCAN1_Handler                           0x2001bd08   Data         156  fdcan.o(.bss)
    FDCAN1_RxHeader                          0x2001bda4   Data          40  fdcan.o(.bss)
    FDCAN1_TxHeader                          0x2001bdcc   Data          36  fdcan.o(.bss)
    __libspace_start                         0x2001bdf0   Data          96  libspace.o(.bss)
    __temporary_stack_top$libspace           0x2001be50   Data           0  libspace.o(.bss)



==============================================================================

Memory Map of the image

  Image Entry point : 0x08000299

  Load Region LR_IROM1 (Base: 0x08000000, Size: 0x0000ccc8, Max: 0x00200000, ABSOLUTE, COMPRESSED[0x0000cb88])

    Execution Region ER_IROM1 (Base: 0x08000000, Size: 0x0000cb28, Max: 0x00200000, ABSOLUTE)

    Base Addr    Size         Type   Attr      Idx    E Section Name        Object

    0x08000000   0x00000298   Data   RO         6630    RESET               startup_stm32h743xx.o
    0x08000298   0x00000008   Code   RO         6764  * !!!main             c_w.l(__main.o)
    0x080002a0   0x00000034   Code   RO         7284    !!!scatter          c_w.l(__scatter.o)
    0x080002d4   0x0000005a   Code   RO         7282    !!dczerorl2         c_w.l(__dczerorl2.o)
    0x0800032e   0x00000002   PAD
    0x08000330   0x0000001c   Code   RO         7286    !!handler_zi        c_w.l(__scatter_zi.o)
    0x0800034c   0x00000000   Code   RO         6748    .ARM.Collect$$_printf_percent$$00000000  c_w.l(_printf_percent.o)
    0x0800034c   0x00000006   Code   RO         6747    .ARM.Collect$$_printf_percent$$00000003  c_w.l(_printf_f.o)
    0x08000352   0x00000006   Code   RO         6746    .ARM.Collect$$_printf_percent$$0000000C  c_w.l(_printf_x.o)
    0x08000358   0x00000004   Code   RO         6924    .ARM.Collect$$_printf_percent$$00000017  c_w.l(_printf_percent_end.o)
    0x0800035c   0x00000002   Code   RO         7165    .ARM.Collect$$libinit$$00000000  c_w.l(libinit.o)
    0x0800035e   0x00000004   Code   RO         6931    .ARM.Collect$$libinit$$00000001  c_w.l(libinit2.o)
    0x08000362   0x00000000   Code   RO         6934    .ARM.Collect$$libinit$$00000004  c_w.l(libinit2.o)
    0x08000362   0x00000008   Code   RO         6935    .ARM.Collect$$libinit$$00000005  c_w.l(libinit2.o)
    0x0800036a   0x00000000   Code   RO         6937    .ARM.Collect$$libinit$$0000000A  c_w.l(libinit2.o)
    0x0800036a   0x00000000   Code   RO         6939    .ARM.Collect$$libinit$$0000000C  c_w.l(libinit2.o)
    0x0800036a   0x00000000   Code   RO         6941    .ARM.Collect$$libinit$$0000000E  c_w.l(libinit2.o)
    0x0800036a   0x00000006   Code   RO         6942    .ARM.Collect$$libinit$$0000000F  c_w.l(libinit2.o)
    0x08000370   0x00000000   Code   RO         6944    .ARM.Collect$$libinit$$00000011  c_w.l(libinit2.o)
    0x08000370   0x00000000   Code   RO         6946    .ARM.Collect$$libinit$$00000013  c_w.l(libinit2.o)
    0x08000370   0x00000000   Code   RO         6948    .ARM.Collect$$libinit$$00000015  c_w.l(libinit2.o)
    0x08000370   0x0000000a   Code   RO         6949    .ARM.Collect$$libinit$$00000016  c_w.l(libinit2.o)
    0x0800037a   0x00000000   Code   RO         6950    .ARM.Collect$$libinit$$00000017  c_w.l(libinit2.o)
    0x0800037a   0x00000000   Code   RO         6952    .ARM.Collect$$libinit$$00000019  c_w.l(libinit2.o)
    0x0800037a   0x00000000   Code   RO         6954    .ARM.Collect$$libinit$$0000001B  c_w.l(libinit2.o)
    0x0800037a   0x00000000   Code   RO         6956    .ARM.Collect$$libinit$$0000001D  c_w.l(libinit2.o)
    0x0800037a   0x00000000   Code   RO         6958    .ARM.Collect$$libinit$$0000001F  c_w.l(libinit2.o)
    0x0800037a   0x00000000   Code   RO         6960    .ARM.Collect$$libinit$$00000021  c_w.l(libinit2.o)
    0x0800037a   0x00000000   Code   RO         6962    .ARM.Collect$$libinit$$00000023  c_w.l(libinit2.o)
    0x0800037a   0x00000000   Code   RO         6964    .ARM.Collect$$libinit$$00000025  c_w.l(libinit2.o)
    0x0800037a   0x00000000   Code   RO         6968    .ARM.Collect$$libinit$$0000002C  c_w.l(libinit2.o)
    0x0800037a   0x00000000   Code   RO         6970    .ARM.Collect$$libinit$$0000002E  c_w.l(libinit2.o)
    0x0800037a   0x00000000   Code   RO         6972    .ARM.Collect$$libinit$$00000030  c_w.l(libinit2.o)
    0x0800037a   0x00000000   Code   RO         6974    .ARM.Collect$$libinit$$00000032  c_w.l(libinit2.o)
    0x0800037a   0x00000002   Code   RO         6975    .ARM.Collect$$libinit$$00000033  c_w.l(libinit2.o)
    0x0800037c   0x00000002   Code   RO         7255    .ARM.Collect$$libshutdown$$00000000  c_w.l(libshutdown.o)
    0x0800037e   0x00000000   Code   RO         7182    .ARM.Collect$$libshutdown$$00000002  c_w.l(libshutdown2.o)
    0x0800037e   0x00000000   Code   RO         7184    .ARM.Collect$$libshutdown$$00000004  c_w.l(libshutdown2.o)
    0x0800037e   0x00000000   Code   RO         7187    .ARM.Collect$$libshutdown$$00000007  c_w.l(libshutdown2.o)
    0x0800037e   0x00000000   Code   RO         7190    .ARM.Collect$$libshutdown$$0000000A  c_w.l(libshutdown2.o)
    0x0800037e   0x00000000   Code   RO         7192    .ARM.Collect$$libshutdown$$0000000C  c_w.l(libshutdown2.o)
    0x0800037e   0x00000000   Code   RO         7195    .ARM.Collect$$libshutdown$$0000000F  c_w.l(libshutdown2.o)
    0x0800037e   0x00000002   Code   RO         7196    .ARM.Collect$$libshutdown$$00000010  c_w.l(libshutdown2.o)
    0x08000380   0x00000000   Code   RO         6876    .ARM.Collect$$rtentry$$00000000  c_w.l(__rtentry.o)
    0x08000380   0x00000000   Code   RO         7036    .ARM.Collect$$rtentry$$00000002  c_w.l(__rtentry2.o)
    0x08000380   0x00000006   Code   RO         7048    .ARM.Collect$$rtentry$$00000004  c_w.l(__rtentry4.o)
    0x08000386   0x00000000   Code   RO         7038    .ARM.Collect$$rtentry$$00000009  c_w.l(__rtentry2.o)
    0x08000386   0x00000004   Code   RO         7039    .ARM.Collect$$rtentry$$0000000A  c_w.l(__rtentry2.o)
    0x0800038a   0x00000000   Code   RO         7041    .ARM.Collect$$rtentry$$0000000C  c_w.l(__rtentry2.o)
    0x0800038a   0x00000008   Code   RO         7042    .ARM.Collect$$rtentry$$0000000D  c_w.l(__rtentry2.o)
    0x08000392   0x00000002   Code   RO         7166    .ARM.Collect$$rtexit$$00000000  c_w.l(rtexit.o)
    0x08000394   0x00000000   Code   RO         7217    .ARM.Collect$$rtexit$$00000002  c_w.l(rtexit2.o)
    0x08000394   0x00000004   Code   RO         7218    .ARM.Collect$$rtexit$$00000003  c_w.l(rtexit2.o)
    0x08000398   0x00000006   Code   RO         7219    .ARM.Collect$$rtexit$$00000004  c_w.l(rtexit2.o)
    0x0800039e   0x00000002   PAD
    0x080003a0   0x00000000   Code   RO         7064    .emb_text           c_w.l(maybetermalloc1.o)
    0x080003a0   0x0000003c   Code   RO         6631    .text               startup_stm32h743xx.o
    0x080003dc   0x0000005e   Code   RO         6639    .text               c_w.l(h1_alloc.o)
    0x0800043a   0x000000ee   Code   RO         6693    .text               c_w.l(lludivv7m.o)
    0x08000528   0x00000018   Code   RO         6699    .text               c_w.l(noretval__2printf.o)
    0x08000540   0x00000028   Code   RO         6701    .text               c_w.l(noretval__2sprintf.o)
    0x08000568   0x00000068   Code   RO         6703    .text               c_w.l(__printf.o)
    0x080005d0   0x00000058   Code   RO         6708    .text               c_w.l(_printf_hex_int.o)
    0x08000628   0x00000064   Code   RO         6756    .text               c_w.l(rt_memcpy_w.o)
    0x0800068c   0x00000044   Code   RO         6758    .text               c_w.l(rt_memclr.o)
    0x080006d0   0x0000004e   Code   RO         6760    .text               c_w.l(rt_memclr_w.o)
    0x0800071e   0x00000006   Code   RO         6762    .text               c_w.l(heapauxi.o)
    0x08000724   0x00000008   Code   RO         6884    .text               c_w.l(rt_heap_descriptor_intlibspace.o)
    0x0800072c   0x00000004   Code   RO         6886    .text               c_w.l(hguard.o)
    0x08000730   0x0000008a   Code   RO         6888    .text               c_w.l(init_alloc.o)
    0x080007ba   0x0000000e   Code   RO         6894    .text               c_w.l(h1_init.o)
    0x080007c8   0x0000004e   Code   RO         6896    .text               c_w.l(h1_free.o)
    0x08000816   0x00000016   Code   RO         6912    .text               c_w.l(_rserrno.o)
    0x0800082c   0x000000b2   Code   RO         6914    .text               c_w.l(_printf_intcommon.o)
    0x080008de   0x0000041a   Code   RO         6916    .text               c_w.l(_printf_fp_dec.o)
    0x08000cf8   0x00000030   Code   RO         6918    .text               c_w.l(_printf_char_common.o)
    0x08000d28   0x0000000a   Code   RO         6920    .text               c_w.l(_sputc.o)
    0x08000d32   0x00000002   PAD
    0x08000d34   0x00000024   Code   RO         6922    .text               c_w.l(_printf_char_file.o)
    0x08000d58   0x00000008   Code   RO         7032    .text               c_w.l(libspace.o)
    0x08000d60   0x00000008   Code   RO         7055    .text               c_w.l(rt_locale_intlibspace.o)
    0x08000d68   0x00000008   Code   RO         7060    .text               c_w.l(rt_errno_addr_intlibspace.o)
    0x08000d70   0x00000034   Code   RO         7066    .text               c_w.l(h1_extend.o)
    0x08000da4   0x0000008a   Code   RO         7070    .text               c_w.l(lludiv10.o)
    0x08000e2e   0x00000002   PAD
    0x08000e30   0x00000080   Code   RO         7074    .text               c_w.l(_printf_fp_infnan.o)
    0x08000eb0   0x000000dc   Code   RO         7080    .text               c_w.l(bigflt0.o)
    0x08000f8c   0x00000008   Code   RO         7105    .text               c_w.l(ferror.o)
    0x08000f94   0x0000000e   Code   RO         7112    .text               c_w.l(defsig_rtmem_outer.o)
    0x08000fa2   0x00000002   Code   RO         7131    .text               c_w.l(use_no_semi.o)
    0x08000fa4   0x00000000   Code   RO         7133    .text               c_w.l(indicate_semi.o)
    0x08000fa4   0x0000004a   Code   RO         7134    .text               c_w.l(sys_stackheap_outer.o)
    0x08000fee   0x00000012   Code   RO         7144    .text               c_w.l(exit.o)
    0x08001000   0x0000000a   Code   RO         7146    .text               c_w.l(defsig_exit.o)
    0x0800100a   0x00000002   PAD
    0x0800100c   0x00000050   Code   RO         7152    .text               c_w.l(defsig_rtmem_inner.o)
    0x0800105c   0x00000068   Code   RO         7154    .text               c_w.l(strcmpv7m_pel.o)
    0x080010c4   0x00000032   Code   RO         7177    .text               c_w.l(defsig_general.o)
    0x080010f6   0x0000000e   Code   RO         7214    .text               c_w.l(sys_wrch.o)
    0x08001104   0x0000003e   Code   RO         7083    CL$$btod_d2e        c_w.l(btod.o)
    0x08001142   0x00000046   Code   RO         7085    CL$$btod_d2e_denorm_low  c_w.l(btod.o)
    0x08001188   0x00000060   Code   RO         7084    CL$$btod_d2e_norm_op1  c_w.l(btod.o)
    0x080011e8   0x00000338   Code   RO         7093    CL$$btod_div_common  c_w.l(btod.o)
    0x08001520   0x000000c6   Code   RO         7090    CL$$btod_e2e        c_w.l(btod.o)
    0x080015e6   0x00000028   Code   RO         7087    CL$$btod_ediv       c_w.l(btod.o)
    0x0800160e   0x00000028   Code   RO         7086    CL$$btod_emul       c_w.l(btod.o)
    0x08001636   0x00000244   Code   RO         7092    CL$$btod_mult_common  c_w.l(btod.o)
    0x0800187a   0x00000002   PAD
    0x0800187c   0x00000138   Code   RO          840    i.AD7682_Conversion  system.o
    0x080019b4   0x0000005c   Code   RO          841    i.AD7682_Init       system.o
    0x08001a10   0x00000064   Code   RO          842    i.AD7682_Sampling   system.o
    0x08001a74   0x0000003c   Code   RO          843    i.AD7682_SendRequest  system.o
    0x08001ab0   0x00000048   Code   RO          975    i.ATPinit           atprocess.o
    0x08001af8   0x00000040   Code   RO         1181    i.AngleTrackData_Init  datastruct.o
    0x08001b38   0x00000040   Code   RO         1182    i.AngleTrackData_Rest  datastruct.o
    0x08001b78   0x0000006c   Code   RO         1402    i.Board_Hardware_Init  hal.o
    0x08001be4   0x000000d0   Code   RO         1078    i.Body_IS203_Pro    atttrack_lib.o
    0x08001cb4   0x000000fc   Code   RO         1079    i.Boom_GA_Pro       atttrack_lib.o
    0x08001db0   0x000002c0   Code   RO          976    i.Boom_Pitch_Pro    atprocess.o
    0x08002070   0x00000004   Code   RO          403    i.BusFault_Handler  stm32h7xx_it.o
    0x08002074   0x0000001c   Code   RO         1483    i.Cache_Enable      systick.o
    0x08002090   0x00000238   Code   RO          913    i.CalculateCoordinate  angle_cal.o
    0x080022c8   0x00000002   Code   RO          404    i.DebugMon_Handler  stm32h7xx_it.o
    0x080022ca   0x00000002   PAD
    0x080022cc   0x000000fc   Code   RO         1080    i.Dogbone_GA_Pro    atttrack_lib.o
    0x080023c8   0x00000448   Code   RO          977    i.Dogbone_Pitch_Pro  atprocess.o
    0x08002810   0x0000004c   Code   RO         1717    i.FDCAN1_Enable_Init  fdcan.o
    0x0800285c   0x00000010   Code   RO         1718    i.FDCAN1_IT0_IRQHandler  fdcan.o
    0x0800286c   0x000000a8   Code   RO         1719    i.FDCAN1_Mode_Init  fdcan.o
    0x08002914   0x00000028   Code   RO         1720    i.FDCAN1_Receive_Msg  fdcan.o
    0x0800293c   0x00000040   Code   RO         1721    i.FDCAN1_Send_Msg   fdcan.o
    0x0800297c   0x00000258   Code   RO         2298    i.FDCAN_CalcultateRamBlockAddresses  stm32h7xx_hal_fdcan.o
    0x08002bd4   0x000000b0   Code   RO         2299    i.FDCAN_CopyMessageToRAM  stm32h7xx_hal_fdcan.o
    0x08002c84   0x00000044   Code   RO         1722    i.FDCAN_EXT_Send_Msg  fdcan.o
    0x08002cc8   0x0000027c   Code   RO          357    i.FDCAN_ProtocolProcess  can_protocol.o
    0x08002f44   0x00000090   Code   RO         1723    i.FdcanExt_SendMessage  fdcan.o
    0x08002fd4   0x00000018   Code   RO         1724    i.Fdcan_Init        fdcan.o
    0x08002fec   0x0000000c   Code   RO         1725    i.Fdcan_ReadMessage  fdcan.o
    0x08002ff8   0x00000090   Code   RO         1726    i.Fdcan_SendMessage  fdcan.o
    0x08003088   0x00000090   Code   RO          914    i.GetMachineAngle   angle_cal.o
    0x08003118   0x00000008   Code   RO         1546    i.Gpio_Init         gpio.o
    0x08003120   0x000000f8   Code   RO         6248    i.HAL_DMA_Abort_IT  stm32h7xx_hal_dma.o
    0x08003218   0x00000014   Code   RO         1851    i.HAL_EnableCompensationCell  stm32h7xx_hal.o
    0x0800322c   0x000000ac   Code   RO         2301    i.HAL_FDCAN_ActivateNotification  stm32h7xx_hal_fdcan.o
    0x080032d8   0x00000088   Code   RO         2303    i.HAL_FDCAN_AddMessageToTxFifoQ  stm32h7xx_hal_fdcan.o
    0x08003360   0x00000002   Code   RO         2304    i.HAL_FDCAN_ClockCalibrationCallback  stm32h7xx_hal_fdcan.o
    0x08003362   0x000000aa   Code   RO         2308    i.HAL_FDCAN_ConfigFilter  stm32h7xx_hal_fdcan.o
    0x0800340c   0x00000024   Code   RO         2316    i.HAL_FDCAN_DeInit  stm32h7xx_hal_fdcan.o
    0x08003430   0x00000002   Code   RO         2326    i.HAL_FDCAN_ErrorCallback  stm32h7xx_hal_fdcan.o
    0x08003432   0x00000002   PAD
    0x08003434   0x000001c0   Code   RO         2336    i.HAL_FDCAN_GetRxMessage  stm32h7xx_hal_fdcan.o
    0x080035f4   0x00000002   Code   RO         2342    i.HAL_FDCAN_HighPriorityMessageCallback  stm32h7xx_hal_fdcan.o
    0x080035f6   0x00000002   PAD
    0x080035f8   0x000005b0   Code   RO         2343    i.HAL_FDCAN_IRQHandler  stm32h7xx_hal_fdcan.o
    0x08003ba8   0x000002b0   Code   RO         2344    i.HAL_FDCAN_Init    stm32h7xx_hal_fdcan.o
    0x08003e58   0x00000028   Code   RO         1727    i.HAL_FDCAN_MspDeInit  fdcan.o
    0x08003e80   0x0000008c   Code   RO         1728    i.HAL_FDCAN_MspInit  fdcan.o
    0x08003f0c   0x00000002   Code   RO         2353    i.HAL_FDCAN_RxBufferNewMessageCallback  stm32h7xx_hal_fdcan.o
    0x08003f0e   0x00000002   PAD
    0x08003f10   0x0000004c   Code   RO         1729    i.HAL_FDCAN_RxFifo0Callback  fdcan.o
    0x08003f5c   0x00000002   Code   RO         2355    i.HAL_FDCAN_RxFifo1Callback  stm32h7xx_hal_fdcan.o
    0x08003f5e   0x00000034   Code   RO         2356    i.HAL_FDCAN_Start   stm32h7xx_hal_fdcan.o
    0x08003f92   0x00000068   Code   RO         2357    i.HAL_FDCAN_Stop    stm32h7xx_hal_fdcan.o
    0x08003ffa   0x00000002   Code   RO         2378    i.HAL_FDCAN_TT_GlobalTimeCallback  stm32h7xx_hal_fdcan.o
    0x08003ffc   0x00000002   Code   RO         2379    i.HAL_FDCAN_TT_ScheduleSyncCallback  stm32h7xx_hal_fdcan.o
    0x08003ffe   0x00000002   Code   RO         2384    i.HAL_FDCAN_TT_StopWatchCallback  stm32h7xx_hal_fdcan.o
    0x08004000   0x00000002   Code   RO         2385    i.HAL_FDCAN_TT_TimeMarkCallback  stm32h7xx_hal_fdcan.o
    0x08004002   0x00000002   Code   RO         2386    i.HAL_FDCAN_TimeoutOccurredCallback  stm32h7xx_hal_fdcan.o
    0x08004004   0x00000002   Code   RO         2387    i.HAL_FDCAN_TimestampWraparoundCallback  stm32h7xx_hal_fdcan.o
    0x08004006   0x00000002   Code   RO         2388    i.HAL_FDCAN_TxBufferAbortCallback  stm32h7xx_hal_fdcan.o
    0x08004008   0x00000002   Code   RO         2389    i.HAL_FDCAN_TxBufferCompleteCallback  stm32h7xx_hal_fdcan.o
    0x0800400a   0x00000002   Code   RO         2390    i.HAL_FDCAN_TxEventFifoCallback  stm32h7xx_hal_fdcan.o
    0x0800400c   0x00000002   Code   RO         2391    i.HAL_FDCAN_TxFifoEmptyCallback  stm32h7xx_hal_fdcan.o
    0x0800400e   0x00000002   PAD
    0x08004010   0x0000024c   Code   RO         3143    i.HAL_GPIO_Init     stm32h7xx_hal_gpio.o
    0x0800425c   0x0000000a   Code   RO         3147    i.HAL_GPIO_WritePin  stm32h7xx_hal_gpio.o
    0x08004266   0x00000002   PAD
    0x08004268   0x0000000c   Code   RO         1858    i.HAL_GetTick       stm32h7xx_hal.o
    0x08004274   0x00000018   Code   RO         1861    i.HAL_IncTick       stm32h7xx_hal.o
    0x0800428c   0x0000001c   Code   RO         1862    i.HAL_Init          stm32h7xx_hal.o
    0x080042a8   0x0000004c   Code   RO         1863    i.HAL_InitTick      stm32h7xx_hal.o
    0x080042f4   0x00000002   Code   RO          484    i.HAL_MspInit       stm32h7xx_hal_msp.o
    0x080042f6   0x00000002   PAD
    0x080042f8   0x00000044   Code   RO         2155    i.HAL_NVIC_DisableIRQ  stm32h7xx_hal_cortex.o
    0x0800433c   0x00000020   Code   RO         2156    i.HAL_NVIC_EnableIRQ  stm32h7xx_hal_cortex.o
    0x0800435c   0x0000007a   Code   RO         2162    i.HAL_NVIC_SetPriority  stm32h7xx_hal_cortex.o
    0x080043d6   0x00000002   PAD
    0x080043d8   0x00000028   Code   RO         2163    i.HAL_NVIC_SetPriorityGrouping  stm32h7xx_hal_cortex.o
    0x08004400   0x00000038   Code   RO         3694    i.HAL_RCCEx_GetD1SysClockFreq  stm32h7xx_hal_rcc_ex.o
    0x08004438   0x0000002c   Code   RO         3695    i.HAL_RCCEx_GetD3PCLK1Freq  stm32h7xx_hal_rcc_ex.o
    0x08004464   0x0000022c   Code   RO         3697    i.HAL_RCCEx_GetPLL2ClockFreq  stm32h7xx_hal_rcc_ex.o
    0x08004690   0x0000022c   Code   RO         3698    i.HAL_RCCEx_GetPLL3ClockFreq  stm32h7xx_hal_rcc_ex.o
    0x080048bc   0x00000b38   Code   RO         3702    i.HAL_RCCEx_PeriphCLKConfig  stm32h7xx_hal_rcc_ex.o
    0x080053f4   0x00000250   Code   RO         3585    i.HAL_RCC_ClockConfig  stm32h7xx_hal_rcc.o
    0x08005644   0x00000038   Code   RO         3589    i.HAL_RCC_GetHCLKFreq  stm32h7xx_hal_rcc.o
    0x0800567c   0x0000002c   Code   RO         3591    i.HAL_RCC_GetPCLK1Freq  stm32h7xx_hal_rcc.o
    0x080056a8   0x0000002c   Code   RO         3592    i.HAL_RCC_GetPCLK2Freq  stm32h7xx_hal_rcc.o
    0x080056d4   0x00000244   Code   RO         3593    i.HAL_RCC_GetSysClockFreq  stm32h7xx_hal_rcc.o
    0x08005918   0x000006c4   Code   RO         3596    i.HAL_RCC_OscConfig  stm32h7xx_hal_rcc.o
    0x08005fdc   0x00000038   Code   RO         3856    i.HAL_SPI_DeInit    stm32h7xx_hal_spi.o
    0x08006014   0x00000008   Code   RO         3859    i.HAL_SPI_GetState  stm32h7xx_hal_spi.o
    0x0800601c   0x00000264   Code   RO         3861    i.HAL_SPI_Init      stm32h7xx_hal_spi.o
    0x08006280   0x00000050   Code   RO         1578    i.HAL_SPI_MspDeInit  spi.o
    0x080062d0   0x00000124   Code   RO         1579    i.HAL_SPI_MspInit   spi.o
    0x080063f4   0x000003dc   Code   RO         3870    i.HAL_SPI_TransmitReceive  stm32h7xx_hal_spi.o
    0x080067d0   0x00000024   Code   RO         1484    i.HAL_SYSTICK_Callback  systick.o
    0x080067f4   0x00000034   Code   RO         2167    i.HAL_SYSTICK_Config  stm32h7xx_hal_cortex.o
    0x08006828   0x00000008   Code   RO         2168    i.HAL_SYSTICK_IRQHandler  stm32h7xx_hal_cortex.o
    0x08006830   0x00000002   Code   RO         5486    i.HAL_UARTEx_WakeupCallback  stm32h7xx_hal_uart_ex.o
    0x08006832   0x00000002   Code   RO         5150    i.HAL_UART_ErrorCallback  stm32h7xx_hal_uart.o
    0x08006834   0x00000014   Code   RO         5152    i.HAL_UART_GetState  stm32h7xx_hal_uart.o
    0x08006848   0x000001bc   Code   RO         5153    i.HAL_UART_IRQHandler  stm32h7xx_hal_uart.o
    0x08006a04   0x00000078   Code   RO         5154    i.HAL_UART_Init     stm32h7xx_hal_uart.o
    0x08006a7c   0x00000094   Code   RO         1636    i.HAL_UART_MspInit  usart.o
    0x08006b10   0x000000e0   Code   RO         5159    i.HAL_UART_Receive_IT  stm32h7xx_hal_uart.o
    0x08006bf0   0x00000088   Code   RO         1637    i.HAL_UART_RxCpltCallback  usart.o
    0x08006c78   0x000000c6   Code   RO         5162    i.HAL_UART_Transmit  stm32h7xx_hal_uart.o
    0x08006d3e   0x00000002   Code   RO         5165    i.HAL_UART_TxCpltCallback  stm32h7xx_hal_uart.o
    0x08006d40   0x00000004   Code   RO          405    i.HardFault_Handler  stm32h7xx_it.o
    0x08006d44   0x00000060   Code   RO         1547    i.IS203_Key_Init    gpio.o
    0x08006da4   0x00000278   Code   RO         1115    i.MUpdate           kalmanfilter.o
    0x0800701c   0x000000ac   Code   RO          917    i.MachineInit       angle_cal.o
    0x080070c8   0x00000284   Code   RO          918    i.MachineResultOutput  angle_cal.o
    0x0800734c   0x00000052   Code   RO         1211    i.Maddn             comfunc.o
    0x0800739e   0x00000004   Code   RO          406    i.MemManage_Handler  stm32h7xx_it.o
    0x080073a2   0x0000003c   Code   RO         1212    i.Mequalm           comfunc.o
    0x080073de   0x00000052   Code   RO         1213    i.Mminn             comfunc.o
    0x08007430   0x00000040   Code   RO         1214    i.Mmul              comfunc.o
    0x08007470   0x00000084   Code   RO         1215    i.Mmulnm            comfunc.o
    0x080074f4   0x00000034   Code   RO         1216    i.Mtn               comfunc.o
    0x08007528   0x00000002   Code   RO          407    i.NMI_Handler       stm32h7xx_it.o
    0x0800752a   0x00000002   Code   RO          408    i.PendSV_Handler    stm32h7xx_it.o
    0x0800752c   0x00000350   Code   RO          627    i.ProcessMachineAngle  fastloop.o
    0x0800787c   0x00000130   Code   RO         3705    i.RCCEx_PLL2_Config  stm32h7xx_hal_rcc_ex.o
    0x080079ac   0x00000130   Code   RO         3706    i.RCCEx_PLL3_Config  stm32h7xx_hal_rcc_ex.o
    0x08007adc   0x0000013c   Code   RO          844    i.SCA3300_FunCheck  system.o
    0x08007c18   0x00000048   Code   RO          845    i.SCA3300_Init      system.o
    0x08007c60   0x0000022c   Code   RO          846    i.SCA3300_Sampling  system.o
    0x08007e8c   0x00000058   Code   RO          847    i.SCA3300_SendRequest  system.o
    0x08007ee4   0x0000009c   Code   RO         1485    i.SCB_EnableDCache  systick.o
    0x08007f80   0x0000007c   Code   RO         1486    i.SCB_EnableICache  systick.o
    0x08007ffc   0x00000054   Code   RO         1580    i.SPI1_Init         spi.o
    0x08008050   0x00000054   Code   RO         1581    i.SPI2_Init         spi.o
    0x080080a4   0x000000fc   Code   RO         3886    i.SPI_CloseTransfer  stm32h7xx_hal_spi.o
    0x080081a0   0x0000001a   Code   RO         3897    i.SPI_GetPacketSize  stm32h7xx_hal_spi.o
    0x080081ba   0x00000040   Code   RO         3904    i.SPI_WaitOnFlagUntilTimeout  stm32h7xx_hal_spi.o
    0x080081fa   0x00000002   Code   RO          409    i.SVC_Handler       stm32h7xx_it.o
    0x080081fc   0x000002e8   Code   RO          628    i.Send_GyroAcc_Infor  fastloop.o
    0x080084e4   0x00000024   Code   RO            4    i.Setup             main.o
    0x08008508   0x0000000c   Code   RO         1582    i.Spi_Init          spi.o
    0x08008514   0x000000b8   Code   RO         1583    i.Spi_SendMessage   spi.o
    0x080085cc   0x000000fc   Code   RO         1081    i.Stick_GA_Pro      atttrack_lib.o
    0x080086c8   0x0000032c   Code   RO          979    i.Stick_Pitch_Pro   atprocess.o
    0x080089f4   0x000000f8   Code   RO         1487    i.Stm32_Clock_Init  systick.o
    0x08008aec   0x0000000c   Code   RO          410    i.SysTick_Handler   stm32h7xx_it.o
    0x08008af8   0x00000094   Code   RO          516    i.SystemInit        system_stm32h7xx.o
    0x08008b8c   0x00000038   Code   RO         1423    i.System_Micros     hal_config.o
    0x08008bc4   0x0000000c   Code   RO         1424    i.System_Millis     hal_config.o
    0x08008bd0   0x00000030   Code   RO         1488    i.Systick_Init      systick.o
    0x08008c00   0x0000017e   Code   RO         1116    i.TUpdate           kalmanfilter.o
    0x08008d7e   0x000000ea   Code   RO         5167    i.UART_AdvFeatureConfig  stm32h7xx_hal_uart.o
    0x08008e68   0x00000074   Code   RO         5168    i.UART_CheckIdleState  stm32h7xx_hal_uart.o
    0x08008edc   0x00000018   Code   RO         5169    i.UART_DMAAbortOnError  stm32h7xx_hal_uart.o
    0x08008ef4   0x00000020   Code   RO         5179    i.UART_EndRxTransfer  stm32h7xx_hal_uart.o
    0x08008f14   0x00000020   Code   RO         5180    i.UART_EndTransmit_IT  stm32h7xx_hal_uart.o
    0x08008f34   0x0000008a   Code   RO         5182    i.UART_Receive_IT   stm32h7xx_hal_uart.o
    0x08008fbe   0x00000002   PAD
    0x08008fc0   0x000009a4   Code   RO         5183    i.UART_SetConfig    stm32h7xx_hal_uart.o
    0x08009964   0x00000082   Code   RO         5184    i.UART_Transmit_IT  stm32h7xx_hal_uart.o
    0x080099e6   0x0000006c   Code   RO         5185    i.UART_WaitOnFlagUntilTimeout  stm32h7xx_hal_uart.o
    0x08009a52   0x00000002   PAD
    0x08009a54   0x00000050   Code   RO         1638    i.USART1_IRQHandler  usart.o
    0x08009aa4   0x00000004   Code   RO          411    i.UsageFault_Handler  stm32h7xx_it.o
    0x08009aa8   0x00000050   Code   RO         1639    i.Usart_Enable_Init  usart.o
    0x08009af8   0x00000010   Code   RO         1640    i.Usart_Init        usart.o
    0x08009b08   0x00000034   Code   RO         1641    i.Usart_SendMessage  usart.o
    0x08009b3c   0x0000001a   Code   RO         1814    i.Wait_ms           timer.o
    0x08009b56   0x00000020   Code   RO         1815    i.Wait_us           timer.o
    0x08009b76   0x00000030   Code   RO         7000    i.__ARM_fpclassify  m_wv.l(fpclassify.o)
    0x08009ba6   0x00000002   PAD
    0x08009ba8   0x00000010   Code   RO         2169    i.__NVIC_GetPriorityGrouping  stm32h7xx_hal_cortex.o
    0x08009bb8   0x00000028   Code   RO         2170    i.__NVIC_SetPriority  stm32h7xx_hal_cortex.o
    0x08009be0   0x00000124   Code   RO         6768    i.__hardfp_acosf    m_wv.l(acosf.o)
    0x08009d04   0x00000004   PAD
    0x08009d08   0x00000208   Code   RO         6780    i.__hardfp_asin     m_wv.l(asin.o)
    0x08009f10   0x00000200   Code   RO         6794    i.__hardfp_atan     m_wv.l(atan.o)
    0x0800a110   0x000001c0   Code   RO         6808    i.__hardfp_atan2    m_wv.l(atan2.o)
    0x0800a2d0   0x000000b0   Code   RO         6826    i.__hardfp_cos      m_wv.l(cos.o)
    0x0800a380   0x000000b0   Code   RO         6838    i.__hardfp_sin      m_wv.l(sin.o)
    0x0800a430   0x00000066   Code   RO         6850    i.__hardfp_sqrt     m_wv.l(sqrt.o)
    0x0800a496   0x0000003a   Code   RO         6862    i.__hardfp_sqrtf    m_wv.l(sqrtf.o)
    0x0800a4d0   0x00000310   Code   RO         7019    i.__ieee754_rem_pio2  m_wv.l(rred.o)
    0x0800a7e0   0x000000e0   Code   RO         6977    i.__kernel_cos      m_wv.l(cos_i.o)
    0x0800a8c0   0x00000070   Code   RO         7016    i.__kernel_poly     m_wv.l(poly.o)
    0x0800a930   0x000000a8   Code   RO         7024    i.__kernel_sin      m_wv.l(sin_i.o)
    0x0800a9d8   0x00000006   Code   RO         6981    i.__mathlib_dbl_infnan  m_wv.l(dunder.o)
    0x0800a9de   0x00000006   Code   RO         6982    i.__mathlib_dbl_infnan2  m_wv.l(dunder.o)
    0x0800a9e4   0x00000004   PAD
    0x0800a9e8   0x00000018   Code   RO         6983    i.__mathlib_dbl_invalid  m_wv.l(dunder.o)
    0x0800aa00   0x00000018   Code   RO         6986    i.__mathlib_dbl_underflow  m_wv.l(dunder.o)
    0x0800aa18   0x00000006   Code   RO         7003    i.__mathlib_flt_infnan  m_wv.l(funder.o)
    0x0800aa1e   0x00000002   PAD
    0x0800aa20   0x00000010   Code   RO         7005    i.__mathlib_flt_invalid  m_wv.l(funder.o)
    0x0800aa30   0x00000004   Code   RO         1642    i._sys_exit         usart.o
    0x0800aa34   0x000000d4   Code   RO          549    i._task_run         scheduler.o
    0x0800ab08   0x00000010   Code   RO          550    i._task_tick        scheduler.o
    0x0800ab18   0x00000124   Code   RO         1218    i.a2mat_ned         comfunc.o
    0x0800ac3c   0x00000010   Code   RO         6796    i.atan              m_wv.l(atan.o)
    0x0800ac4c   0x000000a4   Code   RO         1038    i.attInit           attinit.o
    0x0800acf0   0x000000a8   Code   RO         1183    i.dataFilter        datastruct.o
    0x0800ad98   0x0000003a   Code   RO         1184    i.decode_gasensor   datastruct.o
    0x0800add2   0x00000002   PAD
    0x0800add4   0x00000060   Code   RO          551    i.do_tasks          scheduler.o
    0x0800ae34   0x00000018   Code   RO         6996    i.fabs              m_wv.l(fabs.o)
    0x0800ae4c   0x000000bc   Code   RO          629    i.fast_loop         fastloop.o
    0x0800af08   0x0000001c   Code   RO         1643    i.fputc             usart.o
    0x0800af24   0x00000012   Code   RO          358    i.get_systick_deltaT  can_protocol.o
    0x0800af36   0x00000002   PAD
    0x0800af38   0x000000ac   Code   RO         1117    i.kalmanfilterinit  kalmanfilter.o
    0x0800afe4   0x0000004c   Code   RO         1228    i.m2att_ned         comfunc.o
    0x0800b030   0x000002cc   Code   RO         1229    i.m2qua_ned         comfunc.o
    0x0800b2fc   0x0000000c   Code   RO            5    i.main              main.o
    0x0800b308   0x000004d4   Code   RO          980    i.process_gasensor1  atprocess.o
    0x0800b7dc   0x00000264   Code   RO         1039    i.process_singleangle1  attinit.o
    0x0800ba40   0x000001ac   Code   RO         1040    i.process_singleangle2  attinit.o
    0x0800bbec   0x000001ac   Code   RO         1041    i.process_singleangle3  attinit.o
    0x0800bd98   0x000001ac   Code   RO         1042    i.process_singleangle4  attinit.o
    0x0800bf44   0x0000012a   Code   RO         1232    i.q2mat_ned         comfunc.o
    0x0800c06e   0x00000002   PAD
    0x0800c070   0x0000028c   Code   RO         1233    i.qupdt             comfunc.o
    0x0800c2fc   0x000000dc   Code   RO          818    i.run_100hz_task    tasks.o
    0x0800c3d8   0x00000010   Code   RO          359    i.scheduler_micros  can_protocol.o
    0x0800c3e8   0x00000010   Code   RO          552    i.scheduler_micros  scheduler.o
    0x0800c3f8   0x00000010   Code   RO          630    i.scheduler_micros  fastloop.o
    0x0800c408   0x00000020   Code   RO         1118    i.setHk             kalmanfilter.o
    0x0800c428   0x0000002c   Code   RO         1119    i.setPhi            kalmanfilter.o
    0x0800c454   0x00000038   Code   RO         1120    i.setPxk            kalmanfilter.o
    0x0800c48c   0x00000038   Code   RO         1121    i.setQk             kalmanfilter.o
    0x0800c4c4   0x00000012   Code   RO         1122    i.setRk             kalmanfilter.o
    0x0800c4d6   0x00000002   PAD
    0x0800c4d8   0x0000001c   Code   RO          553    i.set_task_base_loop_callback  scheduler.o
    0x0800c4f4   0x0000000e   Code   RO         1124    i.setzk             kalmanfilter.o
    0x0800c502   0x0000006a   Code   RO         6852    i.sqrt              m_wv.l(sqrt.o)
    0x0800c56c   0x0000003e   Code   RO         6864    i.sqrtf             m_wv.l(sqrtf.o)
    0x0800c5aa   0x00000010   Code   RO          848    i.system_init       system.o
    0x0800c5ba   0x00000002   PAD
    0x0800c5bc   0x0000003c   Code   RO          554    i.task_init         scheduler.o
    0x0800c5f8   0x00000038   Code   RO         1644    i.uart_init         usart.o
    0x0800c630   0x0000002c   Code   RO         7110    locale$$code        c_w.l(lc_numeric_c.o)
    0x0800c65c   0x0000000a   Code   RO         7125    x$fpl$fpinit        fz_wv.l(fpinit.o)
    0x0800c666   0x00000004   Code   RO         6766    x$fpl$printf1       fz_wv.l(printf1.o)
    0x0800c66a   0x00000000   Code   RO         6976    x$fpl$usenofp       fz_wv.l(usenofp.o)
    0x0800c66a   0x00000002   PAD
    0x0800c66c   0x00000038   Data   RO            6    .constdata          main.o
    0x0800c6a4   0x00000040   Data   RO          517    .constdata          system_stm32h7xx.o
    0x0800c6e4   0x00000024   Data   RO          920    .constdata          angle_cal.o
    0x0800c708   0x00000090   Data   RO          982    .constdata          atprocess.o
    0x0800c798   0x00000053   Data   RO         2392    .constdata          stm32h7xx_hal_fdcan.o
    0x0800c7eb   0x00000001   PAD
    0x0800c7ec   0x00000030   Data   RO         5186    .constdata          stm32h7xx_hal_uart.o
    0x0800c81c   0x00000028   Data   RO         6709    .constdata          c_w.l(_printf_hex_int.o)
    0x0800c844   0x00000004   PAD
    0x0800c848   0x00000050   Data   RO         6783    .constdata          m_wv.l(asin.o)
    0x0800c898   0x00000098   Data   RO         6797    .constdata          m_wv.l(atan.o)
    0x0800c930   0x00000030   Data   RO         6978    .constdata          m_wv.l(cos_i.o)
    0x0800c960   0x00000008   Data   RO         7018    .constdata          m_wv.l(qnan.o)
    0x0800c968   0x000000c8   Data   RO         7021    .constdata          m_wv.l(rred.o)
    0x0800ca30   0x00000028   Data   RO         7025    .constdata          m_wv.l(sin_i.o)
    0x0800ca58   0x00000094   Data   RO         7081    .constdata          c_w.l(bigflt0.o)
    0x0800caec   0x00000020   Data   RO         7280    Region$$Table       anon$$obj.o
    0x0800cb0c   0x0000001c   Data   RO         7109    locale$$data        c_w.l(lc_numeric_c.o)


    Execution Region RW_IRAM1 (Base: 0x20000000, Size: 0x0001c450, Max: 0x00020000, ABSOLUTE, COMPRESSED[0x00000060])

    Base Addr    Size         Type   Attr      Idx    E Section Name        Object

    0x20000000   0x0000009b   Data   RW          332    .data               global.o
    0x2000009b   0x00000001   PAD
    0x2000009c   0x00000008   Data   RW          518    .data               system_stm32h7xx.o
    0x200000a4   0x00000010   Data   RW          558    .data               scheduler.o
    0x200000b4   0x00000014   Data   RW          632    .data               fastloop.o
    0x200000c8   0x00000008   Data   RW          819    .data               tasks.o
    0x200000d0   0x00000005   Data   RW          850    .data               system.o
    0x200000d5   0x00000003   PAD
    0x200000d8   0x00000004   Data   RW          921    .data               angle_cal.o
    0x200000dc   0x00000010   Data   RW          983    .data               atprocess.o
    0x200000ec   0x00000010   Data   RW         1044    .data               attinit.o
    0x200000fc   0x00000004   PAD
    0x20000100   0x00000028   Data   RW         1083    .data               atttrack_lib.o
    0x20000128   0x00000018   Data   RW         1403    .data               hal.o
    0x20000140   0x00000044   Data   RW         1426    .data               hal_config.o
    0x20000184   0x00000008   Data   RW         1490    .data               systick.o
    0x2000018c   0x00000008   Data   RW         1647    .data               usart.o
    0x20000194   0x00000009   Data   RW         1885    .data               stm32h7xx_hal.o
    0x2000019d   0x00000003   PAD
    0x200001a0   0x00000270   Zero   RW          331    .bss                global.o
    0x20000410   0x0000001c   Zero   RW          557    .bss                scheduler.o
    0x2000042c   0x00000070   Zero   RW          919    .bss                angle_cal.o
    0x2000049c   0x00000004   PAD
    0x200004a0   0x000004d8   Zero   RW          981    .bss                atprocess.o
    0x20000978   0x0001a900   Zero   RW         1043    .bss                attinit.o
    0x2001b278   0x00000900   Zero   RW         1082    .bss                atttrack_lib.o
    0x2001bb78   0x00000110   Zero   RW         1584    .bss                spi.o
    0x2001bc88   0x00000080   Zero   RW         1645    .bss                usart.o
    0x2001bd08   0x000000e8   Zero   RW         1730    .bss                fdcan.o
    0x2001bdf0   0x00000060   Zero   RW         7033    .bss                c_w.l(libspace.o)
    0x2001be50   0x00000000   Zero   RW         6629    HEAP                startup_stm32h743xx.o
    0x2001be50   0x00000600   Zero   RW         6628    STACK               startup_stm32h743xx.o


==============================================================================

Image component sizes


      Code (inc. data)   RO Data    RW Data    ZI Data      Debug   Object Name

      1528         90         36          4        112       4054   angle_cal.o
      3920        384        144         16       1240       9330   atprocess.o
      2060        148          0         16     108800       6907   attinit.o
       964         66          0         40       2304       4851   atttrack_lib.o
       670         70          0          0          0       6348   can_protocol.o
      2506         58          0          0          0       9040   comfunc.o
       354         28          0          0          0       2843   datastruct.o
      1796        320          0         20          0      66996   fastloop.o
      1012         90          0          0        232       9067   fdcan.o
         0          0          0        155        624       4324   global.o
       104         10          0          0          0       1317   gpio.o
       108          4          0         24          0        748   hal.o
        68         10          0         68          0       2209   hal_config.o
      1406         56          0          0          0       7013   kalmanfilter.o
        48         10         56          0          0    1227859   main.o
       428         42          0         16         28       7237   scheduler.o
       736         70          0          0        272       4603   spi.o
        60         22        664          0       1536        828   startup_stm32h743xx.o
       160         32          0          9          0       3947   stm32h7xx_hal.o
       378         28          0          0          0      40082   stm32h7xx_hal_cortex.o
       248         12          0          0          0       2071   stm32h7xx_hal_dma.o
      4068         60         83          0          0      22609   stm32h7xx_hal_fdcan.o
       598         54          0          0          0       2476   stm32h7xx_hal_gpio.o
         2          0          0          0          0        462   stm32h7xx_hal_msp.o
      3048         86          0          0          0       5972   stm32h7xx_hal_rcc.o
      4692        118          0          0          0       7395   stm32h7xx_hal_rcc_ex.o
      2006         14          0          0          0       6509   stm32h7xx_hal_spi.o
      4292        140         48          0          0      13840   stm32h7xx_hal_uart.o
         2          0          0          0          0        968   stm32h7xx_hal_uart_ex.o
        36          0          0          0          0       4202   stm32h7xx_it.o
      1612        318          0          5          0       5808   system.o
       148         18         64          8          0       1282   system_stm32h7xx.o
       640         40          0          8          0      39417   systick.o
       220         42          0          8          0       2694   tasks.o
        58          0          0          0          0       1200   timer.o
       600         78          0          8        128       7117   usart.o

    ----------------------------------------------------------------------
     40606       2518       1128        416     115280    1543625   Object Totals
         0          0         32          0          0          0   (incl. Generated)
        30          0          1         11          4          0   (incl. Padding)

    ----------------------------------------------------------------------

      Code (inc. data)   RO Data    RW Data    ZI Data      Debug   Library Member Name

        90          0          0          0          0          0   __dczerorl2.o
         8          0          0          0          0         68   __main.o
       104          0          0          0          0         84   __printf.o
         0          0          0          0          0          0   __rtentry.o
        12          0          0          0          0          0   __rtentry2.o
         6          0          0          0          0          0   __rtentry4.o
        52          8          0          0          0          0   __scatter.o
        28          0          0          0          0          0   __scatter_zi.o
        48          6          0          0          0         96   _printf_char_common.o
        36          4          0          0          0         80   _printf_char_file.o
         6          0          0          0          0          0   _printf_f.o
      1050          0          0          0          0        216   _printf_fp_dec.o
       128         16          0          0          0         84   _printf_fp_infnan.o
        88          4         40          0          0         88   _printf_hex_int.o
       178          0          0          0          0         88   _printf_intcommon.o
         0          0          0          0          0          0   _printf_percent.o
         4          0          0          0          0          0   _printf_percent_end.o
         6          0          0          0          0          0   _printf_x.o
        22          0          0          0          0        100   _rserrno.o
        10          0          0          0          0         68   _sputc.o
       220          4        148          0          0         96   bigflt0.o
      1910        128          0          0          0        672   btod.o
        10          0          0          0          0         68   defsig_exit.o
        50          0          0          0          0         88   defsig_general.o
        80         58          0          0          0         76   defsig_rtmem_inner.o
        14          0          0          0          0         80   defsig_rtmem_outer.o
        18          0          0          0          0         80   exit.o
         8          0          0          0          0         68   ferror.o
        94          0          0          0          0         80   h1_alloc.o
        52          0          0          0          0         68   h1_extend.o
        78          0          0          0          0         80   h1_free.o
        14          0          0          0          0         84   h1_init.o
         6          0          0          0          0        152   heapauxi.o
         4          0          0          0          0        136   hguard.o
         0          0          0          0          0          0   indicate_semi.o
       138          0          0          0          0        168   init_alloc.o
        44         10         28          0          0         76   lc_numeric_c.o
         2          0          0          0          0          0   libinit.o
        30          0          0          0          0          0   libinit2.o
         2          0          0          0          0          0   libshutdown.o
         2          0          0          0          0          0   libshutdown2.o
         8          4          0          0         96         68   libspace.o
       138          0          0          0          0         80   lludiv10.o
       238          0          0          0          0        100   lludivv7m.o
         0          0          0          0          0          0   maybetermalloc1.o
        24          4          0          0          0         84   noretval__2printf.o
        40          6          0          0          0         84   noretval__2sprintf.o
         8          4          0          0          0         68   rt_errno_addr_intlibspace.o
         8          4          0          0          0         68   rt_heap_descriptor_intlibspace.o
         8          4          0          0          0         68   rt_locale_intlibspace.o
        68          0          0          0          0         68   rt_memclr.o
        78          0          0          0          0         80   rt_memclr_w.o
       100          0          0          0          0         80   rt_memcpy_w.o
         2          0          0          0          0          0   rtexit.o
        10          0          0          0          0          0   rtexit2.o
       104          0          0          0          0         68   strcmpv7m_pel.o
        74          0          0          0          0         80   sys_stackheap_outer.o
        14          0          0          0          0         76   sys_wrch.o
         2          0          0          0          0         68   use_no_semi.o
        10          0          0          0          0        116   fpinit.o
         4          0          0          0          0        116   printf1.o
         0          0          0          0          0          0   usenofp.o
       292         58          0          0          0        176   acosf.o
       520         88         80          0          0        252   asin.o
       528        110        152          0          0        348   atan.o
       448         68          0          0          0        180   atan2.o
       176         18          0          0          0        156   cos.o
       224         42         48          0          0        184   cos_i.o
        60         28          0          0          0        464   dunder.o
        24          0          0          0          0        124   fabs.o
        48          0          0          0          0        124   fpclassify.o
        22          6          0          0          0        232   funder.o
       112          0          0          0          0        116   poly.o
         0          0          8          0          0          0   qnan.o
       784        138        200          0          0        172   rred.o
       176         18          0          0          0        160   sin.o
       168         24         40          0          0        196   sin_i.o
       208          0          0          0          0        280   sqrt.o
       120          0          0          0          0        272   sqrtf.o

    ----------------------------------------------------------------------
      9526        866        748          0         96       7852   Library Totals
        26          4          4          0          0          0   (incl. Padding)

    ----------------------------------------------------------------------

      Code (inc. data)   RO Data    RW Data    ZI Data      Debug   Library Name

      5576        264        216          0         96       4184   c_w.l
        14          0          0          0          0        232   fz_wv.l
      3910        598        528          0          0       3436   m_wv.l

    ----------------------------------------------------------------------
      9526        866        748          0         96       7852   Library Totals

    ----------------------------------------------------------------------

==============================================================================


      Code (inc. data)   RO Data    RW Data    ZI Data      Debug   

     50132       3384       1876        416     115376    1528185   Grand Totals
     50132       3384       1876         96     115376    1528185   ELF Image Totals (compressed)
     50132       3384       1876         96          0          0   ROM Totals

==============================================================================

    Total RO  Size (Code + RO Data)                52008 (  50.79kB)
    Total RW  Size (RW Data + ZI Data)            115792 ( 113.08kB)
    Total ROM Size (Code + RO Data + RW Data)      52104 (  50.88kB)

==============================================================================

